Component: ARM Compiler 5.05 update 1 (build 106) Tool: armlink [4d0efa]

==============================================================================

Section Cross References

    startup_stm32f103xe.o(RESET) refers to startup_stm32f103xe.o(STACK) for __initial_sp
    startup_stm32f103xe.o(RESET) refers to startup_stm32f103xe.o(.text) for Reset_Handler
    startup_stm32f103xe.o(RESET) refers to stm32f1xx_it.o(i.NMI_Handler) for NMI_Handler
    startup_stm32f103xe.o(RESET) refers to stm32f1xx_it.o(i.HardFault_Handler) for HardFault_Handler
    startup_stm32f103xe.o(RESET) refers to stm32f1xx_it.o(i.MemManage_Handler) for MemManage_Handler
    startup_stm32f103xe.o(RESET) refers to stm32f1xx_it.o(i.BusFault_Handler) for BusFault_Handler
    startup_stm32f103xe.o(RESET) refers to stm32f1xx_it.o(i.UsageFault_Handler) for UsageFault_Handler
    startup_stm32f103xe.o(RESET) refers to stm32f1xx_it.o(i.SVC_Handler) for SVC_Handler
    startup_stm32f103xe.o(RESET) refers to stm32f1xx_it.o(i.DebugMon_Handler) for DebugMon_Handler
    startup_stm32f103xe.o(RESET) refers to los_dispatch_keil.o(.text) for PendSV_Handler
    startup_stm32f103xe.o(RESET) refers to los_hwi.o(i.SysTick_Handler) for SysTick_Handler
    startup_stm32f103xe.o(.text) refers to system_stm32f1xx.o(i.SystemInit) for SystemInit
    startup_stm32f103xe.o(.text) refers to entry.o(.ARM.Collect$$$$00000000) for __main
    los_hw.o(i.LOS_Schedule) refers to los_dispatch_keil.o(.text) for LOS_IntLock
    los_hw.o(i.LOS_Schedule) refers to los_priqueue.o(i.osPriqueueTop) for osPriqueueTop
    los_hw.o(i.LOS_Schedule) refers to los_task.o(.data) for g_stLosTask
    los_hw.o(i.osSchedule) refers to los_dispatch_keil.o(.text) for osTaskSchedule
    los_hw.o(i.osTskStackInit) refers to memseta.o(.text) for __aeabi_memset
    los_hw.o(i.osTskStackInit) refers to los_hw.o(i.osTaskExit) for osTaskExit
    los_hw.o(i.osTskStackInit) refers to los_task.o(i.osTaskEntry) for osTaskEntry
    los_hw_tick.o(i.LOS_GetCpuCycle) refers to los_dispatch_keil.o(.text) for LOS_IntLock
    los_hw_tick.o(i.LOS_GetCpuCycle) refers to los_tick.o(.data) for g_ullTickCount
    los_hw_tick.o(i.LOS_GetCpuCycle) refers to los_tick.o(.data) for g_uwCyclesPerTick
    los_hw_tick.o(i.LOS_GetSystickCycle) refers to los_dispatch_keil.o(.text) for LOS_IntLock
    los_hw_tick.o(i.LOS_GetSystickCycle) refers to los_tick.o(.data) for g_ullTickCount
    los_hw_tick.o(i.LOS_SysTickCurrCycleGet) refers to los_dispatch_keil.o(.text) for LOS_IntLock
    los_hw_tick.o(i.LOS_SysTickCurrCycleGet) refers to los_tick.o(.data) for g_uwCyclesPerTick
    los_hw_tick.o(i.osTickStart) refers to system_stm32f1xx.o(.data) for SystemCoreClock
    los_hw_tick.o(i.osTickStart) refers to los_tick.o(.data) for g_uwCyclesPerTick
    los_hw_tick.o(i.osTickStart) refers to los_tick.o(.data) for g_ullTickCount
    los_hw_tick.o(i.osTickStart) refers to los_tick.o(.data) for g_bSysTickStart
    los_hwi.o(i.SysTick_Handler) refers to los_tick.o(i.osTickHandler) for osTickHandler
    los_hwi.o(i.SysTick_Handler) refers to los_tick.o(.data) for g_bSysTickStart
    los_hwi.o(i.SysTick_Handler) refers to los_tick.o(.data) for g_ullTickCount
    los_dispatch_keil.o(.text) refers to los_task.o(.data) for g_bTaskScheduled
    los_priqueue.o(i.osPriqueueDequeue) refers to los_priqueue.o(.data) for .data
    los_priqueue.o(i.osPriqueueEnqueue) refers to los_priqueue.o(.data) for .data
    los_priqueue.o(i.osPriqueueInit) refers to los_memory.o(i.LOS_MemAlloc) for LOS_MemAlloc
    los_priqueue.o(i.osPriqueueInit) refers to los_init.o(.data) for m_aucSysMem0
    los_priqueue.o(i.osPriqueueInit) refers to los_priqueue.o(.data) for .data
    los_priqueue.o(i.osPriqueueSize) refers to los_priqueue.o(.data) for .data
    los_priqueue.o(i.osPriqueueTop) refers to los_priqueue.o(.data) for .data
    los_priqueue.o(i.osPriqueueTotalSize) refers to los_priqueue.o(i.osPriqueueSize) for osPriqueueSize
    los_swtmr.o(i.LOS_SwtmrCreate) refers to los_dispatch_keil.o(.text) for LOS_IntLock
    los_swtmr.o(i.LOS_SwtmrCreate) refers to los_swtmr.o(.data) for .data
    los_swtmr.o(i.LOS_SwtmrDelete) refers to los_dispatch_keil.o(.text) for LOS_IntLock
    los_swtmr.o(i.LOS_SwtmrDelete) refers to los_swtmr.o(i.osSwtmrStop) for osSwtmrStop
    los_swtmr.o(i.LOS_SwtmrDelete) refers to los_swtmr.o(i.osSwtmrDelete) for osSwtmrDelete
    los_swtmr.o(i.LOS_SwtmrDelete) refers to los_swtmr.o(.data) for .data
    los_swtmr.o(i.LOS_SwtmrStart) refers to los_dispatch_keil.o(.text) for LOS_IntLock
    los_swtmr.o(i.LOS_SwtmrStart) refers to los_swtmr.o(i.osSwtmrStop) for osSwtmrStop
    los_swtmr.o(i.LOS_SwtmrStart) refers to los_swtmr.o(i.osSwTmrStart) for osSwTmrStart
    los_swtmr.o(i.LOS_SwtmrStart) refers to los_swtmr.o(.data) for .data
    los_swtmr.o(i.LOS_SwtmrStart) refers to los_swtmr.o(.bss) for .bss
    los_swtmr.o(i.LOS_SwtmrStop) refers to los_dispatch_keil.o(.text) for LOS_IntLock
[...]
    Removing los_swtmr.o(.rev16_text), (4 bytes).
    Removing los_swtmr.o(.revsh_text), (4 bytes).
    Removing los_swtmr.o(.rrx_text), (6 bytes).
    Removing los_swtmr.o(i.LOS_SwtmrCreate), (172 bytes).
    Removing los_swtmr.o(i.LOS_SwtmrDelete), (116 bytes).
    Removing los_swtmr.o(i.LOS_SwtmrStart), (200 bytes).
    Removing los_swtmr.o(i.LOS_SwtmrStop), (112 bytes).
    Removing los_swtmr.o(i.LOS_SwtmrTimeGet), (128 bytes).
    Removing los_swtmr.o(i.osSwTmrAdjust), (76 bytes).
    Removing los_swtmr.o(i.osSwTmrInit), (128 bytes).
    Removing los_swtmr.o(i.osSwTmrTask), (60 bytes).
    Removing los_swtmr.o(i.osSwTmrTaskCreate), (64 bytes).
    Removing los_swtmr.o(i.osSwtimerInsert), (62 bytes).
    Removing los_swtmr.o(i.osSwtmrStop), (84 bytes).
    Removing los_swtmr.o(i.osSwtmrTimeGet), (28 bytes).
    Removing los_sys.o(.rev16_text), (4 bytes).
    Removing los_sys.o(.revsh_text), (4 bytes).
    Removing los_sys.o(.rrx_text), (6 bytes).
    Removing los_sys.o(i.LOS_CyclePerTickGet), (20 bytes).
    Removing los_sys.o(i.LOS_MS2Tick), (28 bytes).
    Removing los_sys.o(i.LOS_Tick2MS), (18 bytes).
    Removing los_sys.o(i.LOS_TickCountGet), (12 bytes).
    Removing los_sys.o(i.osCpuTick2MS), (84 bytes).
    Removing los_sys.o(i.osCpuTick2US), (84 bytes).
    Removing los_task.o(.rev16_text), (4 bytes).
    Removing los_task.o(.revsh_text), (4 bytes).
    Removing los_task.o(.rrx_text), (6 bytes).
    Removing los_task.o(i.LOS_CurTaskIDGet), (24 bytes).
    Removing los_task.o(i.LOS_CurTaskNameGet), (20 bytes).
    Removing los_task.o(i.LOS_CurTaskPriSet), (16 bytes).
    Removing los_task.o(i.LOS_NewTaskIDGet), (24 bytes).
    Removing los_task.o(i.LOS_NextTaskIDGet), (24 bytes).
    Removing los_task.o(i.LOS_TaskCreate), (112 bytes).
    Removing los_task.o(i.LOS_TaskCreateOnly), (336 bytes).
    Removing los_task.o(i.LOS_TaskDelay), (108 bytes).
    Removing los_task.o(i.LOS_TaskDelete), (312 bytes).
    Removing los_task.o(i.LOS_TaskInfoGet), (240 bytes).
    Removing los_task.o(i.LOS_TaskInfoMonitor), (4 bytes).
    Removing los_task.o(i.LOS_TaskIsRunning), (12 bytes).
    Removing los_task.o(i.LOS_TaskLock), (28 bytes).
    Removing los_task.o(i.LOS_TaskNameGet), (56 bytes).
    Removing los_task.o(i.LOS_TaskPriGet), (64 bytes).
    Removing los_task.o(i.LOS_TaskPriSet), (160 bytes).
    Removing los_task.o(i.LOS_TaskResume), (140 bytes).
    Removing los_task.o(i.LOS_TaskStatusGet), (76 bytes).
    Removing los_task.o(i.LOS_TaskSuspend), (180 bytes).
    Removing los_task.o(i.LOS_TaskSwitchInfoGet), (68 bytes).
    Removing los_task.o(i.LOS_TaskUnlock), (48 bytes).
    Removing los_task.o(i.osConvertTskStatus), (164 bytes).
    Removing los_task.o(i.osGetAllTskInfo), (228 bytes).
    Removing los_task.o(i.osGetTaskWaterLine), (132 bytes).
    Removing los_task.o(i.osIdleTask), (2 bytes).
    Removing los_task.o(i.osIdleTaskCreate), (64 bytes).
    Removing los_task.o(i.osTaskEntry), (44 bytes).
    Removing los_task.o(i.osTaskInit), (212 bytes).
    Removing los_task.o(i.osTaskMonInit), (44 bytes).
    Removing los_task.o(i.osTaskPriModify), (48 bytes).
    Removing los_task.o(i.osTaskSwitchCheck), (316 bytes).
    Removing los_task.o(.bss), (342 bytes).
    Removing los_task.o(.conststring), (336 bytes).
    Removing los_tick.o(.rev16_text), (4 bytes).
    Removing los_tick.o(.revsh_text), (4 bytes).
    Removing los_tick.o(.rrx_text), (6 bytes).
    Removing los_tick.o(i.LOS_SysClockGet), (12 bytes).
    Removing los_tick.o(.data), (4 bytes).
    Removing los_tick.o(.data), (4 bytes).
    Removing los_tick.o(.data), (4 bytes).
    Removing los_timeslice.o(.rev16_text), (4 bytes).
    Removing los_timeslice.o(.revsh_text), (4 bytes).
    Removing los_timeslice.o(.rrx_text), (6 bytes).
    Removing los_timeslice.o(i.osTimesliceInit), (16 bytes).
    Removing los_event.o(.rev16_text), (4 bytes).
    Removing los_event.o(.revsh_text), (4 bytes).
    Removing los_event.o(.rrx_text), (6 bytes).
    Removing los_event.o(i.LOS_EventClear), (36 bytes).
    Removing los_event.o(i.LOS_EventDestory), (52 bytes).
    Removing los_event.o(i.LOS_EventInit), (24 bytes).
    Removing los_event.o(i.LOS_EventPoll), (70 bytes).
    Removing los_event.o(i.LOS_EventRead), (232 bytes).
    Removing los_event.o(i.LOS_EventWrite), (144 bytes).
    Removing los_mux.o(.rev16_text), (4 bytes).
    Removing los_mux.o(.revsh_text), (4 bytes).
    Removing los_mux.o(.rrx_text), (6 bytes).
    Removing los_mux.o(i.LOS_ListAdd), (14 bytes).
    Removing los_mux.o(i.LOS_MuxCreate), (136 bytes).
    Removing los_mux.o(i.LOS_MuxDelete), (152 bytes).
    Removing los_mux.o(i.LOS_MuxPend), (336 bytes).
    Removing los_mux.o(i.LOS_MuxPost), (192 bytes).
    Removing los_mux.o(i.osMuxInit), (88 bytes).
    Removing los_mux.o(.data), (12 bytes).
    Removing los_queue.o(.rev16_text), (4 bytes).
    Removing los_queue.o(.revsh_text), (4 bytes).
    Removing los_queue.o(.rrx_text), (6 bytes).
    Removing los_queue.o(i.LOS_ListAdd), (14 bytes).
    Removing los_queue.o(i.LOS_QueueCreate), (196 bytes).
    Removing los_queue.o(i.LOS_QueueDelete), (152 bytes).
    Removing los_queue.o(i.LOS_QueueInfoGet), (196 bytes).
    Removing los_queue.o(i.LOS_QueueRead), (38 bytes).
    Removing los_queue.o(i.LOS_QueueReadCopy), (34 bytes).
    Removing los_queue.o(i.LOS_QueueWrite), (44 bytes).
    Removing los_queue.o(i.LOS_QueueWriteHead), (28 bytes).
    Removing los_queue.o(i.LOS_QueueWriteHeadCopy), (38 bytes).
    Removing los_queue.o(i.osQueueInit), (92 bytes).
    Removing los_queue.o(i.osQueueMailAlloc), (144 bytes).
    Removing los_queue.o(i.osQueueMailFree), (148 bytes).
    Removing los_queue.o(i.osQueueReadParameterCheck), (52 bytes).
    Removing los_sem.o(.rev16_text), (4 bytes).
    Removing los_sem.o(.revsh_text), (4 bytes).
    Removing los_sem.o(.rrx_text), (6 bytes).
    Removing los_sem.o(i.LOS_BinarySemCreate), (8 bytes).
    Removing los_sem.o(i.LOS_ListAdd), (14 bytes).
    Removing los_sem.o(i.LOS_SemCreate), (10 bytes).
    Removing los_sem.o(i.LOS_SemDelete), (144 bytes).
    Removing los_sem.o(i.LOS_SemPend), (328 bytes).
    Removing los_sem.o(i.LOS_SemPost), (172 bytes).
    Removing los_sem.o(i.osSemCreate), (156 bytes).
    Removing los_sem.o(i.osSemInit), (84 bytes).
    Removing los_sem.o(.data), (12 bytes).
    Removing los_heap.o(.rev16_text), (4 bytes).
    Removing los_heap.o(.revsh_text), (4 bytes).
    Removing los_heap.o(.rrx_text), (6 bytes).
    Removing los_heap.o(i.osAlarmHeapInfo), (26 bytes).
    Removing los_heap.o(i.osHeapAlloc), (288 bytes).
    Removing los_heap.o(i.osHeapAllocAlign), (58 bytes).
    Removing los_heap.o(i.osHeapFree), (264 bytes).
    Removing los_heap.o(i.osHeapGetHeapMemoryPeak), (12 bytes).
    Removing los_heap.o(i.osHeapGetMaxFreeBlkSize), (40 bytes).
    Removing los_heap.o(i.osHeapInit), (58 bytes).
    Removing los_heap.o(i.osHeapPrvGetNext), (22 bytes).
    Removing los_heap.o(i.osHeapStatisticsGet), (72 bytes).
    Removing los_heap.o(.data), (16 bytes).
    Removing los_memory.o(.rev16_text), (4 bytes).
    Removing los_memory.o(.revsh_text), (4 bytes).
    Removing los_memory.o(.rrx_text), (6 bytes).
    Removing los_memory.o(i.LOS_MemAlloc), (40 bytes).
    Removing los_memory.o(i.LOS_MemAllocAlign), (4 bytes).
    Removing los_memory.o(i.LOS_MemDeInit), (76 bytes).
    Removing los_memory.o(i.LOS_MemFree), (38 bytes).
    Removing los_memory.o(i.LOS_MemGetMaxFreeBlkSize), (24 bytes).
    Removing los_memory.o(i.LOS_MemInit), (220 bytes).
    Removing los_memory.o(i.LOS_MemPoolList), (32 bytes).
    Removing los_memory.o(i.LOS_MemRealloc), (126 bytes).
    Removing los_memory.o(i.LOS_MemStatisticsGet), (92 bytes).
    Removing los_memory.o(i.osMemSystemInit), (20 bytes).
    Removing los_memory.o(i.osSlabCtrlHdrGet), (4 bytes).
    Removing los_memory.o(.data), (4 bytes).
    Removing los_memcheck.o(.rev16_text), (4 bytes).
    Removing los_memcheck.o(.revsh_text), (4 bytes).
    Removing los_memcheck.o(.rrx_text), (6 bytes).
    Removing los_memcheck.o(.data), (4 bytes).
    Removing los_memstat.o(.rev16_text), (4 bytes).
    Removing los_memstat.o(.revsh_text), (4 bytes).
    Removing los_memstat.o(.rrx_text), (6 bytes).
    Removing los_slab.o(.rev16_text), (4 bytes).
    Removing los_slab.o(.revsh_text), (4 bytes).
    Removing los_slab.o(.rrx_text), (6 bytes).
    Removing los_slab.o(i.osAtomicBitsetClearBit), (30 bytes).
    Removing los_slab.o(i.osAtomicBitsetEmpty), (56 bytes).
    Removing los_slab.o(i.osAtomicBitsetFindClearAndSet), (66 bytes).
    Removing los_slab.o(i.osAtomicBitsetGetBit), (34 bytes).
    Removing los_slab.o(i.osAtomicBitsetIdxChgToNatural), (30 bytes).
    Removing los_slab.o(i.osAtomicBitsetInit), (44 bytes).
    Removing los_slab.o(i.osSlabAllocatorAlloc), (28 bytes).
    Removing los_slab.o(i.osSlabAllocatorCheck), (44 bytes).
    Removing los_slab.o(i.osSlabAllocatorDestroy), (4 bytes).
    Removing los_slab.o(i.osSlabAllocatorEmpty), (6 bytes).
    Removing los_slab.o(i.osSlabAllocatorFree), (56 bytes).
    Removing los_slab.o(i.osSlabAllocatorGetIdxP), (8 bytes).
    Removing los_slab.o(i.osSlabAllocatorGetIndex), (48 bytes).
    Removing los_slab.o(i.osSlabAllocatorGetNth), (26 bytes).
    Removing los_slab.o(i.osSlabAllocatorGetNumItems), (6 bytes).
    Removing los_slab.o(i.osSlabAllocatorGetSlabInfo), (22 bytes).
    Removing los_slab.o(i.osSlabAllocatorGetUsedItemCnt), (34 bytes).
    Removing los_slab.o(i.osSlabAllocatorNew), (70 bytes).
    Removing los_slabmem.o(.rev16_text), (4 bytes).
    Removing los_slabmem.o(.revsh_text), (4 bytes).
    Removing los_slabmem.o(.rrx_text), (6 bytes).
    Removing los_slabmem.o(i.osSlabBlockHeadFill), (20 bytes).
    Removing los_slabmem.o(i.osSlabGetMaxFreeBlkSize), (58 bytes).
    Removing los_slabmem.o(i.osSlabMemAlloc), (98 bytes).
    Removing los_slabmem.o(i.osSlabMemCheck), (86 bytes).
    Removing los_slabmem.o(i.osSlabMemDeinit), (68 bytes).
    Removing los_slabmem.o(i.osSlabMemFree), (94 bytes).
    Removing los_slabmem.o(i.osSlabMemInit), (82 bytes).
    Removing los_slabmem.o(i.osSlabStatisticsGet), (116 bytes).
    Removing los_membox.o(.rev16_text), (4 bytes).
    Removing los_membox.o(.revsh_text), (4 bytes).
    Removing los_membox.o(.rrx_text), (6 bytes).
    Removing los_membox.o(i.LOS_MemboxAlloc), (56 bytes).
    Removing los_membox.o(i.LOS_MemboxClr), (22 bytes).
    Removing los_membox.o(i.LOS_MemboxFree), (92 bytes).
    Removing los_membox.o(i.LOS_MemboxInit), (94 bytes).
    Removing los_membox.o(i.LOS_MemboxStatisticsGet), (30 bytes).
    Removing los_misc.o(.rev16_text), (4 bytes).
    Removing los_misc.o(.revsh_text), (4 bytes).
    Removing los_misc.o(.rrx_text), (6 bytes).
    Removing los_misc.o(i.LOS_Align), (20 bytes).
    Removing los_misc.o(i.LOS_Msleep), (40 bytes).
    Removing los_err.o(.rev16_text), (4 bytes).
    Removing los_err.o(.revsh_text), (4 bytes).
    Removing los_err.o(.rrx_text), (6 bytes).
    Removing los_err.o(i.LOS_ErrHandle), (28 bytes).
    Removing los_err.o(.data), (4 bytes).
    Removing los_init.o(.rev16_text), (4 bytes).
    Removing los_init.o(.revsh_text), (4 bytes).
    Removing los_init.o(.rrx_text), (6 bytes).
    Removing los_init.o(i.LOS_KernelInit), (240 bytes).
    Removing los_init.o(i.LOS_Reboot), (6 bytes).
    Removing los_init.o(i.LOS_Start), (60 bytes).
    Removing los_init.o(i.osEnableFPU), (16 bytes).
    Removing los_init.o(.data), (4 bytes).
    Removing main.o(.rev16_text), (4 bytes).
    Removing main.o(.revsh_text), (4 bytes).
    Removing main.o(.rrx_text), (6 bytes).
    Removing gpio.o(.rev16_text), (4 bytes).
    Removing gpio.o(.revsh_text), (4 bytes).
    Removing gpio.o(.rrx_text), (6 bytes).
    Removing usart.o(.rev16_text), (4 bytes).
    Removing usart.o(.revsh_text), (4 bytes).
    Removing usart.o(.rrx_text), (6 bytes).
    Removing usart.o(i.HAL_UART_MspDeInit), (44 bytes).
    Removing stm32f1xx_it.o(.rev16_text), (4 bytes).
    Removing stm32f1xx_it.o(.revsh_text), (4 bytes).
    Removing stm32f1xx_it.o(.rrx_text), (6 bytes).
    Removing stm32f1xx_hal_msp.o(.rev16_text), (4 bytes).
    Removing stm32f1xx_hal_msp.o(.revsh_text), (4 bytes).
    Removing stm32f1xx_hal_msp.o(.rrx_text), (6 bytes).
    Removing stm32f1xx_hal_gpio_ex.o(.rev16_text), (4 bytes).
    Removing stm32f1xx_hal_gpio_ex.o(.revsh_text), (4 bytes).
    Removing stm32f1xx_hal_gpio_ex.o(.rrx_text), (6 bytes).
    Removing stm32f1xx_hal_gpio_ex.o(i.HAL_GPIOEx_ConfigEventout), (20 bytes).
    Removing stm32f1xx_hal_gpio_ex.o(i.HAL_GPIOEx_DisableEventout), (16 bytes).
    Removing stm32f1xx_hal_gpio_ex.o(i.HAL_GPIOEx_EnableEventout), (16 bytes).
    Removing stm32f1xx_hal_tim.o(.rev16_text), (4 bytes).
    Removing stm32f1xx_hal_tim.o(.revsh_text), (4 bytes).
    Removing stm32f1xx_hal_tim.o(.rrx_text), (6 bytes).
    Removing stm32f1xx_hal_tim_ex.o(.rev16_text), (4 bytes).
    Removing stm32f1xx_hal_tim_ex.o(.revsh_text), (4 bytes).
    Removing stm32f1xx_hal_tim_ex.o(.rrx_text), (6 bytes).
    Removing stm32f1xx_hal_uart.o(.rev16_text), (4 bytes).
    Removing stm32f1xx_hal_uart.o(.revsh_text), (4 bytes).
    Removing stm32f1xx_hal_uart.o(.rrx_text), (6 bytes).
    Removing stm32f1xx_hal_uart.o(i.HAL_HalfDuplex_EnableReceiver), (50 bytes).
    Removing stm32f1xx_hal_uart.o(i.HAL_HalfDuplex_EnableTransmitter), (50 bytes).
    Removing stm32f1xx_hal_uart.o(i.HAL_HalfDuplex_Init), (108 bytes).
    Removing stm32f1xx_hal_uart.o(i.HAL_LIN_Init), (128 bytes).
    Removing stm32f1xx_hal_uart.o(i.HAL_LIN_SendBreak), (46 bytes).
    Removing stm32f1xx_hal_uart.o(i.HAL_MultiProcessor_EnterMuteMode), (46 bytes).
    Removing stm32f1xx_hal_uart.o(i.HAL_MultiProcessor_ExitMuteMode), (46 bytes).
    Removing stm32f1xx_hal_uart.o(i.HAL_MultiProcessor_Init), (142 bytes).
    Removing stm32f1xx_hal_uart.o(i.HAL_UART_Abort), (138 bytes).
    Removing stm32f1xx_hal_uart.o(i.HAL_UART_AbortCpltCallback), (2 bytes).
    Removing stm32f1xx_hal_uart.o(i.HAL_UART_AbortReceive), (88 bytes).
    Removing stm32f1xx_hal_uart.o(i.HAL_UART_AbortReceiveCpltCallback), (2 bytes).
    Removing stm32f1xx_hal_uart.o(i.HAL_UART_AbortReceive_IT), (92 bytes).
    Removing stm32f1xx_hal_uart.o(i.HAL_UART_AbortTransmit), (78 bytes).
    Removing stm32f1xx_hal_uart.o(i.HAL_UART_AbortTransmitCpltCallback), (2 bytes).
    Removing stm32f1xx_hal_uart.o(i.HAL_UART_AbortTransmit_IT), (84 bytes).
    Removing stm32f1xx_hal_uart.o(i.HAL_UART_Abort_IT), (172 bytes).
    Removing stm32f1xx_hal_uart.o(i.HAL_UART_DMAPause), (102 bytes).
    Removing stm32f1xx_hal_uart.o(i.HAL_UART_DMAResume), (94 bytes).
    Removing stm32f1xx_hal_uart.o(i.HAL_UART_DMAStop), (88 bytes).
    Removing stm32f1xx_hal_uart.o(i.HAL_UART_DeInit), (50 bytes).
    Removing stm32f1xx_hal_uart.o(i.HAL_UART_ErrorCallback), (2 bytes).
    Removing stm32f1xx_hal_uart.o(i.HAL_UART_GetError), (4 bytes).
    Removing stm32f1xx_hal_uart.o(i.HAL_UART_GetState), (10 bytes).
    Removing stm32f1xx_hal_uart.o(i.HAL_UART_IRQHandler), (348 bytes).
    Removing stm32f1xx_hal_uart.o(i.HAL_UART_MspDeInit), (2 bytes).
    Removing stm32f1xx_hal_uart.o(i.HAL_UART_MspInit), (2 bytes).
    Removing stm32f1xx_hal_uart.o(i.HAL_UART_Receive), (188 bytes).
    Removing stm32f1xx_hal_uart.o(i.HAL_UART_Receive_DMA), (152 bytes).
    Removing stm32f1xx_hal_uart.o(i.HAL_UART_Receive_IT), (82 bytes).
    Removing stm32f1xx_hal_uart.o(i.HAL_UART_RxCpltCallback), (2 bytes).
    Removing stm32f1xx_hal_uart.o(i.HAL_UART_RxHalfCpltCallback), (2 bytes).
    Removing stm32f1xx_hal_uart.o(i.HAL_UART_Transmit), (178 bytes).
    Removing stm32f1xx_hal_uart.o(i.HAL_UART_Transmit_DMA), (128 bytes).
    Removing stm32f1xx_hal_uart.o(i.HAL_UART_Transmit_IT), (62 bytes).
    Removing stm32f1xx_hal_uart.o(i.HAL_UART_TxCpltCallback), (2 bytes).
    Removing stm32f1xx_hal_uart.o(i.HAL_UART_TxHalfCpltCallback), (2 bytes).
    Removing stm32f1xx_hal_uart.o(i.UART_DMAAbortOnError), (16 bytes).
    Removing stm32f1xx_hal_uart.o(i.UART_DMAError), (74 bytes).
    Removing stm32f1xx_hal_uart.o(i.UART_DMAReceiveCplt), (60 bytes).
    Removing stm32f1xx_hal_uart.o(i.UART_DMARxAbortCallback), (42 bytes).
    Removing stm32f1xx_hal_uart.o(i.UART_DMARxHalfCplt), (10 bytes).
    Removing stm32f1xx_hal_uart.o(i.UART_DMARxOnlyAbortCallback), (20 bytes).
    Removing stm32f1xx_hal_uart.o(i.UART_DMATransmitCplt), (46 bytes).
    Removing stm32f1xx_hal_uart.o(i.UART_DMATxAbortCallback), (42 bytes).
    Removing stm32f1xx_hal_uart.o(i.UART_DMATxHalfCplt), (10 bytes).
    Removing stm32f1xx_hal_uart.o(i.UART_DMATxOnlyAbortCallback), (20 bytes).
    Removing stm32f1xx_hal_uart.o(i.UART_EndRxTransfer), (28 bytes).
    Removing stm32f1xx_hal_uart.o(i.UART_EndTxTransfer), (18 bytes).
    Removing stm32f1xx_hal_uart.o(i.UART_Receive_IT), (140 bytes).
    Removing stm32f1xx_hal_uart.o(i.UART_WaitOnFlagUntilTimeout), (100 bytes).
    Removing stm32f1xx_hal.o(.rev16_text), (4 bytes).
    Removing stm32f1xx_hal.o(.revsh_text), (4 bytes).
    Removing stm32f1xx_hal.o(.rrx_text), (6 bytes).
    Removing stm32f1xx_hal.o(i.HAL_DBGMCU_DisableDBGSleepMode), (16 bytes).
    Removing stm32f1xx_hal.o(i.HAL_DBGMCU_DisableDBGStandbyMode), (16 bytes).
    Removing stm32f1xx_hal.o(i.HAL_DBGMCU_DisableDBGStopMode), (16 bytes).
    Removing stm32f1xx_hal.o(i.HAL_DBGMCU_EnableDBGSleepMode), (16 bytes).
    Removing stm32f1xx_hal.o(i.HAL_DBGMCU_EnableDBGStandbyMode), (16 bytes).
    Removing stm32f1xx_hal.o(i.HAL_DBGMCU_EnableDBGStopMode), (16 bytes).
    Removing stm32f1xx_hal.o(i.HAL_DeInit), (32 bytes).
    Removing stm32f1xx_hal.o(i.HAL_GetDEVID), (16 bytes).
    Removing stm32f1xx_hal.o(i.HAL_GetHalVersion), (8 bytes).
    Removing stm32f1xx_hal.o(i.HAL_GetREVID), (12 bytes).
    Removing stm32f1xx_hal.o(i.HAL_GetTickFreq), (12 bytes).
    Removing stm32f1xx_hal.o(i.HAL_GetTickPrio), (12 bytes).
    Removing stm32f1xx_hal.o(i.HAL_GetUIDw0), (12 bytes).
    Removing stm32f1xx_hal.o(i.HAL_GetUIDw1), (12 bytes).
    Removing stm32f1xx_hal.o(i.HAL_GetUIDw2), (12 bytes).
    Removing stm32f1xx_hal.o(i.HAL_IncTick), (16 bytes).
    Removing stm32f1xx_hal.o(i.HAL_MspDeInit), (2 bytes).
    Removing stm32f1xx_hal.o(i.HAL_MspInit), (2 bytes).
    Removing stm32f1xx_hal.o(i.HAL_ResumeTick), (14 bytes).
    Removing stm32f1xx_hal.o(i.HAL_SetTickFreq), (36 bytes).
    Removing stm32f1xx_hal.o(i.HAL_SuspendTick), (14 bytes).
    Removing stm32f1xx_hal_rcc.o(.rev16_text), (4 bytes).
    Removing stm32f1xx_hal_rcc.o(.revsh_text), (4 bytes).
    Removing stm32f1xx_hal_rcc.o(.rrx_text), (6 bytes).
    Removing stm32f1xx_hal_rcc.o(i.HAL_RCC_CSSCallback), (2 bytes).
    Removing stm32f1xx_hal_rcc.o(i.HAL_RCC_DeInit), (220 bytes).
    Removing stm32f1xx_hal_rcc.o(i.HAL_RCC_DisableCSS), (12 bytes).
    Removing stm32f1xx_hal_rcc.o(i.HAL_RCC_EnableCSS), (12 bytes).
    Removing stm32f1xx_hal_rcc.o(i.HAL_RCC_GetClockConfig), (64 bytes).
    Removing stm32f1xx_hal_rcc.o(i.HAL_RCC_GetHCLKFreq), (12 bytes).
    Removing stm32f1xx_hal_rcc.o(i.HAL_RCC_GetOscConfig), (144 bytes).
    Removing stm32f1xx_hal_rcc.o(i.HAL_RCC_MCOConfig), (72 bytes).
    Removing stm32f1xx_hal_rcc.o(i.HAL_RCC_NMI_IRQHandler), (24 bytes).
    Removing stm32f1xx_hal_rcc_ex.o(.rev16_text), (4 bytes).
    Removing stm32f1xx_hal_rcc_ex.o(.revsh_text), (4 bytes).
    Removing stm32f1xx_hal_rcc_ex.o(.rrx_text), (6 bytes).
    Removing stm32f1xx_hal_rcc_ex.o(i.HAL_RCCEx_GetPeriphCLKConfig), (52 bytes).
    Removing stm32f1xx_hal_rcc_ex.o(i.HAL_RCCEx_GetPeriphCLKFreq), (212 bytes).
    Removing stm32f1xx_hal_rcc_ex.o(i.HAL_RCCEx_PeriphCLKConfig), (236 bytes).
    Removing stm32f1xx_hal_gpio.o(.rev16_text), (4 bytes).
    Removing stm32f1xx_hal_gpio.o(.revsh_text), (4 bytes).
    Removing stm32f1xx_hal_gpio.o(.rrx_text), (6 bytes).
    Removing stm32f1xx_hal_gpio.o(i.HAL_GPIO_DeInit), (288 bytes).
    Removing stm32f1xx_hal_gpio.o(i.HAL_GPIO_EXTI_Callback), (2 bytes).
    Removing stm32f1xx_hal_gpio.o(i.HAL_GPIO_EXTI_IRQHandler), (24 bytes).
    Removing stm32f1xx_hal_gpio.o(i.HAL_GPIO_LockPin), (34 bytes).
    Removing stm32f1xx_hal_gpio.o(i.HAL_GPIO_ReadPin), (10 bytes).
    Removing stm32f1xx_hal_dma.o(.rev16_text), (4 bytes).
    Removing stm32f1xx_hal_dma.o(.revsh_text), (4 bytes).
    Removing stm32f1xx_hal_dma.o(.rrx_text), (6 bytes).
    Removing stm32f1xx_hal_dma.o(i.DMA_SetConfig), (42 bytes).
    Removing stm32f1xx_hal_dma.o(i.HAL_DMA_Abort), (70 bytes).
    Removing stm32f1xx_hal_dma.o(i.HAL_DMA_Abort_IT), (304 bytes).
    Removing stm32f1xx_hal_dma.o(i.HAL_DMA_DeInit), (128 bytes).
    Removing stm32f1xx_hal_dma.o(i.HAL_DMA_GetError), (4 bytes).
    Removing stm32f1xx_hal_dma.o(i.HAL_DMA_GetState), (6 bytes).
    Removing stm32f1xx_hal_dma.o(i.HAL_DMA_IRQHandler), (584 bytes).
    Removing stm32f1xx_hal_dma.o(i.HAL_DMA_Init), (124 bytes).
    Removing stm32f1xx_hal_dma.o(i.HAL_DMA_PollForTransfer), (988 bytes).
    Removing stm32f1xx_hal_dma.o(i.HAL_DMA_RegisterCallback), (74 bytes).
    Removing stm32f1xx_hal_dma.o(i.HAL_DMA_Start), (80 bytes).
    Removing stm32f1xx_hal_dma.o(i.HAL_DMA_Start_IT), (112 bytes).
    Removing stm32f1xx_hal_dma.o(i.HAL_DMA_UnRegisterCallback), (82 bytes).
    Removing stm32f1xx_hal_cortex.o(.rev16_text), (4 bytes).
    Removing stm32f1xx_hal_cortex.o(.revsh_text), (4 bytes).
    Removing stm32f1xx_hal_cortex.o(.rrx_text), (6 bytes).
    Removing stm32f1xx_hal_cortex.o(i.HAL_NVIC_ClearPendingIRQ), (26 bytes).
    Removing stm32f1xx_hal_cortex.o(i.HAL_NVIC_DisableIRQ), (34 bytes).
    Removing stm32f1xx_hal_cortex.o(i.HAL_NVIC_EnableIRQ), (26 bytes).
    Removing stm32f1xx_hal_cortex.o(i.HAL_NVIC_GetActive), (36 bytes).
    Removing stm32f1xx_hal_cortex.o(i.HAL_NVIC_GetPendingIRQ), (36 bytes).
    Removing stm32f1xx_hal_cortex.o(i.HAL_NVIC_GetPriority), (82 bytes).
    Removing stm32f1xx_hal_cortex.o(i.HAL_NVIC_GetPriorityGrouping), (16 bytes).
    Removing stm32f1xx_hal_cortex.o(i.HAL_NVIC_SetPendingIRQ), (26 bytes).
    Removing stm32f1xx_hal_cortex.o(i.HAL_NVIC_SystemReset), (36 bytes).
    Removing stm32f1xx_hal_cortex.o(i.HAL_SYSTICK_CLKSourceConfig), (24 bytes).
    Removing stm32f1xx_hal_cortex.o(i.HAL_SYSTICK_Callback), (2 bytes).
    Removing stm32f1xx_hal_cortex.o(i.HAL_SYSTICK_IRQHandler), (8 bytes).
    Removing stm32f1xx_hal_pwr.o(.rev16_text), (4 bytes).
    Removing stm32f1xx_hal_pwr.o(.revsh_text), (4 bytes).
    Removing stm32f1xx_hal_pwr.o(.rrx_text), (6 bytes).
    Removing stm32f1xx_hal_pwr.o(i.HAL_PWR_ConfigPVD), (124 bytes).
    Removing stm32f1xx_hal_pwr.o(i.HAL_PWR_DeInit), (24 bytes).
    Removing stm32f1xx_hal_pwr.o(i.HAL_PWR_DisableBkUpAccess), (12 bytes).
    Removing stm32f1xx_hal_pwr.o(i.HAL_PWR_DisablePVD), (12 bytes).
    Removing stm32f1xx_hal_pwr.o(i.HAL_PWR_DisableSEVOnPend), (16 bytes).
    Removing stm32f1xx_hal_pwr.o(i.HAL_PWR_DisableSleepOnExit), (16 bytes).
    Removing stm32f1xx_hal_pwr.o(i.HAL_PWR_DisableWakeUpPin), (28 bytes).
    Removing stm32f1xx_hal_pwr.o(i.HAL_PWR_EnableBkUpAccess), (12 bytes).
    Removing stm32f1xx_hal_pwr.o(i.HAL_PWR_EnablePVD), (12 bytes).
    Removing stm32f1xx_hal_pwr.o(i.HAL_PWR_EnableSEVOnPend), (16 bytes).
    Removing stm32f1xx_hal_pwr.o(i.HAL_PWR_EnableSleepOnExit), (16 bytes).
    Removing stm32f1xx_hal_pwr.o(i.HAL_PWR_EnableWakeUpPin), (28 bytes).
    Removing stm32f1xx_hal_pwr.o(i.HAL_PWR_EnterSLEEPMode), (32 bytes).
    Removing stm32f1xx_hal_pwr.o(i.HAL_PWR_EnterSTANDBYMode), (32 bytes).
    Removing stm32f1xx_hal_pwr.o(i.HAL_PWR_EnterSTOPMode), (68 bytes).
    Removing stm32f1xx_hal_pwr.o(i.HAL_PWR_PVDCallback), (2 bytes).
    Removing stm32f1xx_hal_pwr.o(i.HAL_PWR_PVD_IRQHandler), (28 bytes).
    Removing stm32f1xx_hal_pwr.o(i.PWR_OverloadWfe), (6 bytes).
    Removing stm32f1xx_hal_flash.o(.rev16_text), (4 bytes).
    Removing stm32f1xx_hal_flash.o(.revsh_text), (4 bytes).
    Removing stm32f1xx_hal_flash.o(.rrx_text), (6 bytes).
    Removing stm32f1xx_hal_flash.o(i.FLASH_Program_HalfWord), (28 bytes).
    Removing stm32f1xx_hal_flash.o(i.FLASH_SetErrorCode), (92 bytes).
    Removing stm32f1xx_hal_flash.o(i.FLASH_WaitForLastOperation), (84 bytes).
    Removing stm32f1xx_hal_flash.o(i.HAL_FLASH_EndOfOperationCallback), (2 bytes).
    Removing stm32f1xx_hal_flash.o(i.HAL_FLASH_GetError), (12 bytes).
    Removing stm32f1xx_hal_flash.o(i.HAL_FLASH_IRQHandler), (260 bytes).
    Removing stm32f1xx_hal_flash.o(i.HAL_FLASH_Lock), (20 bytes).
    Removing stm32f1xx_hal_flash.o(i.HAL_FLASH_OB_Launch), (4 bytes).
    Removing stm32f1xx_hal_flash.o(i.HAL_FLASH_OB_Lock), (20 bytes).
    Removing stm32f1xx_hal_flash.o(i.HAL_FLASH_OB_Unlock), (36 bytes).
    Removing stm32f1xx_hal_flash.o(i.HAL_FLASH_OperationErrorCallback), (2 bytes).
    Removing stm32f1xx_hal_flash.o(i.HAL_FLASH_Program), (128 bytes).
    Removing stm32f1xx_hal_flash.o(i.HAL_FLASH_Program_IT), (100 bytes).
    Removing stm32f1xx_hal_flash.o(i.HAL_FLASH_Unlock), (40 bytes).
    Removing stm32f1xx_hal_flash.o(.bss), (32 bytes).
    Removing stm32f1xx_hal_flash_ex.o(.rev16_text), (4 bytes).
    Removing stm32f1xx_hal_flash_ex.o(.revsh_text), (4 bytes).
    Removing stm32f1xx_hal_flash_ex.o(.rrx_text), (6 bytes).
    Removing stm32f1xx_hal_flash_ex.o(i.FLASH_MassErase), (36 bytes).
    Removing stm32f1xx_hal_flash_ex.o(i.FLASH_OB_DisableWRP), (176 bytes).
    Removing stm32f1xx_hal_flash_ex.o(i.FLASH_OB_EnableWRP), (176 bytes).
    Removing stm32f1xx_hal_flash_ex.o(i.FLASH_OB_GetRDP), (24 bytes).
    Removing stm32f1xx_hal_flash_ex.o(i.FLASH_OB_RDP_LevelConfig), (100 bytes).
    Removing stm32f1xx_hal_flash_ex.o(i.FLASH_PageErase), (36 bytes).
    Removing stm32f1xx_hal_flash_ex.o(i.HAL_FLASHEx_Erase), (168 bytes).
    Removing stm32f1xx_hal_flash_ex.o(i.HAL_FLASHEx_Erase_IT), (84 bytes).
    Removing stm32f1xx_hal_flash_ex.o(i.HAL_FLASHEx_OBErase), (84 bytes).
    Removing stm32f1xx_hal_flash_ex.o(i.HAL_FLASHEx_OBGetConfig), (36 bytes).
    Removing stm32f1xx_hal_flash_ex.o(i.HAL_FLASHEx_OBGetUserData), (32 bytes).
    Removing stm32f1xx_hal_flash_ex.o(i.HAL_FLASHEx_OBProgram), (200 bytes).
    Removing stm32f1xx_hal_exti.o(.rev16_text), (4 bytes).
    Removing stm32f1xx_hal_exti.o(.revsh_text), (4 bytes).
    Removing stm32f1xx_hal_exti.o(.rrx_text), (6 bytes).
    Removing stm32f1xx_hal_exti.o(i.HAL_EXTI_ClearConfigLine), (104 bytes).
    Removing stm32f1xx_hal_exti.o(i.HAL_EXTI_ClearPending), (20 bytes).
    Removing stm32f1xx_hal_exti.o(i.HAL_EXTI_GenerateSWI), (20 bytes).
    Removing stm32f1xx_hal_exti.o(i.HAL_EXTI_GetConfigLine), (152 bytes).
    Removing stm32f1xx_hal_exti.o(i.HAL_EXTI_GetHandle), (12 bytes).
    Removing stm32f1xx_hal_exti.o(i.HAL_EXTI_GetPending), (24 bytes).
    Removing stm32f1xx_hal_exti.o(i.HAL_EXTI_IRQHandler), (36 bytes).
    Removing stm32f1xx_hal_exti.o(i.HAL_EXTI_RegisterCallback), (14 bytes).
    Removing stm32f1xx_hal_exti.o(i.HAL_EXTI_SetConfigLine), (164 bytes).
    Removing system_stm32f1xx.o(.rev16_text), (4 bytes).
    Removing system_stm32f1xx.o(.revsh_text), (4 bytes).
    Removing system_stm32f1xx.o(.rrx_text), (6 bytes).
    Removing system_stm32f1xx.o(i.SystemCoreClockUpdate), (104 bytes).
    Removing ddiv.o(.text), (222 bytes).
    Removing dfltui.o(.text), (26 bytes).
    Removing dfltul.o(.text), (24 bytes).
    Removing dfixul.o(.text), (48 bytes).
    Removing depilogue.o(.text), (186 bytes).
    Removing dadd.o(.text), (334 bytes).
    Removing dmul.o(.text), (228 bytes).
    Removing cdrcmple.o(.text), (48 bytes).
    Removing los_slab.o(i.osAtomicBitsetGetNumBits), (4 bytes).

476 unused section(s) (total 26696 bytes) removed from the image.

==============================================================================

Image Symbol Table

    Local Symbols

    Symbol Name                              Value     Ov Type        Size  Object(Section)

    ../Drivers/STM32F1xx_HAL_Driver/Src/stm32f1xx_hal.c 0x00000000   Number         0  stm32f1xx_hal.o ABSOLUTE
    ../Drivers/STM32F1xx_HAL_Driver/Src/stm32f1xx_hal_cortex.c 0x00000000   Number         0  stm32f1xx_hal_cortex.o ABSOLUTE
    ../Drivers/STM32F1xx_HAL_Driver/Src/stm32f1xx_hal_dma.c 0x00000000   Number         0  stm32f1xx_hal_dma.o ABSOLUTE
    ../Drivers/STM32F1xx_HAL_Driver/Src/stm32f1xx_hal_exti.c 0x00000000   Number         0  stm32f1xx_hal_exti.o ABSOLUTE
    ../Drivers/STM32F1xx_HAL_Driver/Src/stm32f1xx_hal_flash.c 0x00000000   Number         0  stm32f1xx_hal_flash.o ABSOLUTE
    ../Drivers/STM32F1xx_HAL_Driver/Src/stm32f1xx_hal_flash_ex.c 0x00000000   Number         0  stm32f1xx_hal_flash_ex.o ABSOLUTE
    ../Drivers/STM32F1xx_HAL_Driver/Src/stm32f1xx_hal_gpio.c 0x00000000   Number         0  stm32f1xx_hal_gpio.o ABSOLUTE
    ../Drivers/STM32F1xx_HAL_Driver/Src/stm32f1xx_hal_gpio_ex.c 0x00000000   Number         0  stm32f1xx_hal_gpio_ex.o ABSOLUTE
    ../Drivers/STM32F1xx_HAL_Driver/Src/stm32f1xx_hal_pwr.c 0x00000000   Number         0  stm32f1xx_hal_pwr.o ABSOLUTE
    ../Drivers/STM32F1xx_HAL_Driver/Src/stm32f1xx_hal_rcc.c 0x00000000   Number         0  stm32f1xx_hal_rcc.o ABSOLUTE
    ../Drivers/STM32F1xx_HAL_Driver/Src/stm32f1xx_hal_rcc_ex.c 0x00000000   Number         0  stm32f1xx_hal_rcc_ex.o ABSOLUTE
    ../Drivers/STM32F1xx_HAL_Driver/Src/stm32f1xx_hal_tim.c 0x00000000   Number         0  stm32f1xx_hal_tim.o ABSOLUTE
    ../Drivers/STM32F1xx_HAL_Driver/Src/stm32f1xx_hal_tim_ex.c 0x00000000   Number         0  stm32f1xx_hal_tim_ex.o ABSOLUTE
    ../Drivers/STM32F1xx_HAL_Driver/Src/stm32f1xx_hal_uart.c 0x00000000   Number         0  stm32f1xx_hal_uart.o ABSOLUTE
    ../Src/gpio.c                            0x00000000   Number         0  gpio.o ABSOLUTE
    ../Src/main.c                            0x00000000   Number         0  main.o ABSOLUTE
    ../Src/stm32f1xx_hal_msp.c               0x00000000   Number         0  stm32f1xx_hal_msp.o ABSOLUTE
    ../Src/stm32f1xx_it.c                    0x00000000   Number         0  stm32f1xx_it.o ABSOLUTE
    ../Src/system_stm32f1xx.c                0x00000000   Number         0  system_stm32f1xx.o ABSOLUTE
    ../Src/usart.c                           0x00000000   Number         0  usart.o ABSOLUTE
    ../clib/microlib/division.c              0x00000000   Number         0  uldiv.o ABSOLUTE
    ../clib/microlib/division.c              0x00000000   Number         0  uidiv.o ABSOLUTE
    ../clib/microlib/init/entry.s            0x00000000   Number         0  entry9b.o ABSOLUTE
    ../clib/microlib/init/entry.s            0x00000000   Number         0  entry9a.o ABSOLUTE
    ../clib/microlib/init/entry.s            0x00000000   Number         0  entry8b.o ABSOLUTE
    ../clib/microlib/init/entry.s            0x00000000   Number         0  entry8a.o ABSOLUTE
    ../clib/microlib/init/entry.s            0x00000000   Number         0  entry7b.o ABSOLUTE
    ../clib/microlib/init/entry.s            0x00000000   Number         0  entry7a.o ABSOLUTE
    ../clib/microlib/init/entry.s            0x00000000   Number         0  entry5.o ABSOLUTE
    ../clib/microlib/init/entry.s            0x00000000   Number         0  entry2.o ABSOLUTE
    ../clib/microlib/init/entry.s            0x00000000   Number         0  entry11a.o ABSOLUTE
    ../clib/microlib/init/entry.s            0x00000000   Number         0  entry.o ABSOLUTE
    ../clib/microlib/init/entry.s            0x00000000   Number         0  entry11b.o ABSOLUTE
    ../clib/microlib/init/entry.s            0x00000000   Number         0  entry10b.o ABSOLUTE
    ../clib/microlib/init/entry.s            0x00000000   Number         0  entry10a.o ABSOLUTE
    ../clib/microlib/longlong.c              0x00000000   Number         0  llshl.o ABSOLUTE
    ../clib/microlib/longlong.c              0x00000000   Number         0  llsshr.o ABSOLUTE
    ../clib/microlib/longlong.c              0x00000000   Number         0  llushr.o ABSOLUTE
    ../clib/microlib/printf/printf.c         0x00000000   Number         0  printfa.o ABSOLUTE
    ../clib/microlib/printf/printf.c         0x00000000   Number         0  printf8.o ABSOLUTE
    ../clib/microlib/printf/printf.c         0x00000000   Number         0  printf7.o ABSOLUTE
    ../clib/microlib/printf/printf.c         0x00000000   Number         0  printf6.o ABSOLUTE
    ../clib/microlib/printf/printf.c         0x00000000   Number         0  printf5.o ABSOLUTE
    ../clib/microlib/printf/printf.c         0x00000000   Number         0  printf3.o ABSOLUTE
    ../clib/microlib/printf/printf.c         0x00000000   Number         0  printf2.o ABSOLUTE
    ../clib/microlib/printf/printf.c         0x00000000   Number         0  printf1.o ABSOLUTE
    ../clib/microlib/printf/printf.c         0x00000000   Number         0  printf0.o ABSOLUTE
    ../clib/microlib/printf/printf.c         0x00000000   Number         0  printfb.o ABSOLUTE
    ../clib/microlib/printf/printf.c         0x00000000   Number         0  printf4.o ABSOLUTE
    ../clib/microlib/printf/stubs.s          0x00000000   Number         0  stubs.o ABSOLUTE
    ../clib/microlib/stdio/fputc.c           0x00000000   Number         0  fputc.o ABSOLUTE
    ../clib/microlib/stdio/semi.s            0x00000000   Number         0  semi.o ABSOLUTE
    ../clib/microlib/stdio/streams.c         0x00000000   Number         0  stdout.o ABSOLUTE
    ../clib/microlib/string/memcpy.c         0x00000000   Number         0  memcpyb.o ABSOLUTE
    ../clib/microlib/string/memcpy.c         0x00000000   Number         0  memcpya.o ABSOLUTE
    ../clib/microlib/string/memset.c         0x00000000   Number         0  memseta.o ABSOLUTE
    ../clib/microlib/string/strncpy.c        0x00000000   Number         0  strncpy.o ABSOLUTE
    ../clib/microlib/stubs.s                 0x00000000   Number         0  iusefp.o ABSOLUTE
    ../clib/microlib/stubs.s                 0x00000000   Number         0  iusesemip.o ABSOLUTE
    ../fplib/microlib/fpadd.c                0x00000000   Number         0  dadd.o ABSOLUTE
    ../fplib/microlib/fpdiv.c                0x00000000   Number         0  ddiv.o ABSOLUTE
    ../fplib/microlib/fpepilogue.c           0x00000000   Number         0  depilogue.o ABSOLUTE
    ../fplib/microlib/fpfix.c                0x00000000   Number         0  dfixul.o ABSOLUTE
    ../fplib/microlib/fpflt.c                0x00000000   Number         0  dfltul.o ABSOLUTE
    ../fplib/microlib/fpflt.c                0x00000000   Number         0  dfltui.o ABSOLUTE
    ../fplib/microlib/fpmul.c                0x00000000   Number         0  dmul.o ABSOLUTE
    ..\Drivers\STM32F1xx_HAL_Driver\Src\stm32f1xx_hal.c 0x00000000   Number         0  stm32f1xx_hal.o ABSOLUTE
    ..\Drivers\STM32F1xx_HAL_Driver\Src\stm32f1xx_hal_cortex.c 0x00000000   Number         0  stm32f1xx_hal_cortex.o ABSOLUTE
    ..\Drivers\STM32F1xx_HAL_Driver\Src\stm32f1xx_hal_dma.c 0x00000000   Number         0  stm32f1xx_hal_dma.o ABSOLUTE
    ..\Drivers\STM32F1xx_HAL_Driver\Src\stm32f1xx_hal_exti.c 0x00000000   Number         0  stm32f1xx_hal_exti.o ABSOLUTE
    ..\Drivers\STM32F1xx_HAL_Driver\Src\stm32f1xx_hal_flash.c 0x00000000   Number         0  stm32f1xx_hal_flash.o ABSOLUTE
    ..\Drivers\STM32F1xx_HAL_Driver\Src\stm32f1xx_hal_flash_ex.c 0x00000000   Number         0  stm32f1xx_hal_flash_ex.o ABSOLUTE
    ..\Drivers\STM32F1xx_HAL_Driver\Src\stm32f1xx_hal_gpio.c 0x00000000   Number         0  stm32f1xx_hal_gpio.o ABSOLUTE
    ..\Drivers\STM32F1xx_HAL_Driver\Src\stm32f1xx_hal_gpio_ex.c 0x00000000   Number         0  stm32f1xx_hal_gpio_ex.o ABSOLUTE
    ..\Drivers\STM32F1xx_HAL_Driver\Src\stm32f1xx_hal_pwr.c 0x00000000   Number         0  stm32f1xx_hal_pwr.o ABSOLUTE
    ..\Drivers\STM32F1xx_HAL_Driver\Src\stm32f1xx_hal_rcc.c 0x00000000   Number         0  stm32f1xx_hal_rcc.o ABSOLUTE
    ..\Drivers\STM32F1xx_HAL_Driver\Src\stm32f1xx_hal_rcc_ex.c 0x00000000   Number         0  stm32f1xx_hal_rcc_ex.o ABSOLUTE
    ..\Drivers\STM32F1xx_HAL_Driver\Src\stm32f1xx_hal_tim.c 0x00000000   Number         0  stm32f1xx_hal_tim.o ABSOLUTE
    ..\Drivers\STM32F1xx_HAL_Driver\Src\stm32f1xx_hal_tim_ex.c 0x00000000   Number         0  stm32f1xx_hal_tim_ex.o ABSOLUTE
    ..\Drivers\STM32F1xx_HAL_Driver\Src\stm32f1xx_hal_uart.c 0x00000000   Number         0  stm32f1xx_hal_uart.o ABSOLUTE
    ..\Src\gpio.c                            0x00000000   Number         0  gpio.o ABSOLUTE
    ..\Src\main.c                            0x00000000   Number         0  main.o ABSOLUTE
    ..\Src\stm32f1xx_hal_msp.c               0x00000000   Number         0  stm32f1xx_hal_msp.o ABSOLUTE
    ..\Src\stm32f1xx_it.c                    0x00000000   Number         0  stm32f1xx_it.o ABSOLUTE
    ..\Src\system_stm32f1xx.c                0x00000000   Number         0  system_stm32f1xx.o ABSOLUTE
    ..\Src\usart.c                           0x00000000   Number         0  usart.o ABSOLUTE
    ..\\arch\\arm\\arm-m\\src\\los_hw.c      0x00000000   Number         0  los_hw.o ABSOLUTE
    ..\\arch\\arm\\arm-m\\src\\los_hw_tick.c 0x00000000   Number         0  los_hw_tick.o ABSOLUTE
    ..\\arch\\arm\\arm-m\\src\\los_hwi.c     0x00000000   Number         0  los_hwi.o ABSOLUTE
    ..\\kernel\\base\\core\\los_priqueue.c   0x00000000   Number         0  los_priqueue.o ABSOLUTE
    ..\\kernel\\base\\core\\los_swtmr.c      0x00000000   Number         0  los_swtmr.o ABSOLUTE
    ..\\kernel\\base\\core\\los_sys.c        0x00000000   Number         0  los_sys.o ABSOLUTE
    ..\\kernel\\base\\core\\los_task.c       0x00000000   Number         0  los_task.o ABSOLUTE
    ..\\kernel\\base\\core\\los_tick.c       0x00000000   Number         0  los_tick.o ABSOLUTE
    ..\\kernel\\base\\core\\los_timeslice.c  0x00000000   Number         0  los_timeslice.o ABSOLUTE
    ..\\kernel\\base\\ipc\\los_event.c       0x00000000   Number         0  los_event.o ABSOLUTE
    ..\\kernel\\base\\ipc\\los_mux.c         0x00000000   Number         0  los_mux.o ABSOLUTE
    ..\\kernel\\base\\ipc\\los_queue.c       0x00000000   Number         0  los_queue.o ABSOLUTE
    ..\\kernel\\base\\ipc\\los_sem.c         0x00000000   Number         0  los_sem.o ABSOLUTE
    ..\\kernel\\base\\mem\\bestfit_little\\los_heap.c 0x00000000   Number         0  los_heap.o ABSOLUTE
    ..\\kernel\\base\\mem\\bestfit_little\\los_memory.c 0x00000000   Number         0  los_memory.o ABSOLUTE
    ..\\kernel\\base\\mem\\common\\los_memcheck.c 0x00000000   Number         0  los_memcheck.o ABSOLUTE
    ..\\kernel\\base\\mem\\common\\los_memstat.c 0x00000000   Number         0  los_memstat.o ABSOLUTE
    ..\\kernel\\base\\mem\\common\\los_slab.c 0x00000000   Number         0  los_slab.o ABSOLUTE
    ..\\kernel\\base\\mem\\common\\los_slabmem.c 0x00000000   Number         0  los_slabmem.o ABSOLUTE
    ..\\kernel\\base\\mem\\membox\\los_membox.c 0x00000000   Number         0  los_membox.o ABSOLUTE
    ..\\kernel\\base\\misc\\los_misc.c       0x00000000   Number         0  los_misc.o ABSOLUTE
    ..\\kernel\\base\\om\\los_err.c          0x00000000   Number         0  los_err.o ABSOLUTE
    ..\\kernel\\los_init.c                   0x00000000   Number         0  los_init.o ABSOLUTE
    ..\arch\arm\arm-m\cortex-m3\keil\los_dispatch_keil.S 0x00000000   Number         0  los_dispatch_keil.o ABSOLUTE
    ..\arch\arm\arm-m\src\los_hw.c           0x00000000   Number         0  los_hw.o ABSOLUTE
    ..\arch\arm\arm-m\src\los_hw_tick.c      0x00000000   Number         0  los_hw_tick.o ABSOLUTE
    ..\arch\arm\arm-m\src\los_hwi.c          0x00000000   Number         0  los_hwi.o ABSOLUTE
    ..\kernel\base\core\los_priqueue.c       0x00000000   Number         0  los_priqueue.o ABSOLUTE
    ..\kernel\base\core\los_swtmr.c          0x00000000   Number         0  los_swtmr.o ABSOLUTE
    ..\kernel\base\core\los_sys.c            0x00000000   Number         0  los_sys.o ABSOLUTE
    ..\kernel\base\core\los_task.c           0x00000000   Number         0  los_task.o ABSOLUTE
    ..\kernel\base\core\los_tick.c           0x00000000   Number         0  los_tick.o ABSOLUTE
    ..\kernel\base\core\los_timeslice.c      0x00000000   Number         0  los_timeslice.o ABSOLUTE
    ..\kernel\base\ipc\los_event.c           0x00000000   Number         0  los_event.o ABSOLUTE
    ..\kernel\base\ipc\los_mux.c             0x00000000   Number         0  los_mux.o ABSOLUTE
    ..\kernel\base\ipc\los_queue.c           0x00000000   Number         0  los_queue.o ABSOLUTE
    ..\kernel\base\ipc\los_sem.c             0x00000000   Number         0  los_sem.o ABSOLUTE
    ..\kernel\base\mem\bestfit_little\los_heap.c 0x00000000   Number         0  los_heap.o ABSOLUTE
    ..\kernel\base\mem\bestfit_little\los_memory.c 0x00000000   Number         0  los_memory.o ABSOLUTE
    ..\kernel\base\mem\common\los_memcheck.c 0x00000000   Number         0  los_memcheck.o ABSOLUTE
    ..\kernel\base\mem\common\los_memstat.c  0x00000000   Number         0  los_memstat.o ABSOLUTE
    ..\kernel\base\mem\common\los_slab.c     0x00000000   Number         0  los_slab.o ABSOLUTE
    ..\kernel\base\mem\common\los_slabmem.c  0x00000000   Number         0  los_slabmem.o ABSOLUTE
    ..\kernel\base\mem\membox\los_membox.c   0x00000000   Number         0  los_membox.o ABSOLUTE
    ..\kernel\base\misc\los_misc.c           0x00000000   Number         0  los_misc.o ABSOLUTE
    ..\kernel\base\om\los_err.c              0x00000000   Number         0  los_err.o ABSOLUTE
    ..\kernel\los_init.c                     0x00000000   Number         0  los_init.o ABSOLUTE
    cdrcmple.s                               0x00000000   Number         0  cdrcmple.o ABSOLUTE
    dc.s                                     0x00000000   Number         0  dc.o ABSOLUTE
    handlers.s                               0x00000000   Number         0  handlers.o ABSOLUTE
    init.s                                   0x00000000   Number         0  init.o ABSOLUTE
    startup_stm32f103xe.s                    0x00000000   Number         0  startup_stm32f103xe.o ABSOLUTE
    RESET                                    0x08000000   Section      304  startup_stm32f103xe.o(RESET)
    .ARM.Collect$$$$00000000                 0x08000130   Section        0  entry.o(.ARM.Collect$$$$00000000)
    .ARM.Collect$$$$00000001                 0x08000130   Section        4  entry2.o(.ARM.Collect$$$$00000001)
    .ARM.Collect$$$$00000004                 0x08000134   Section        4  entry5.o(.ARM.Collect$$$$00000004)
    .ARM.Collect$$$$00000008                 0x08000138   Section        0  entry7b.o(.ARM.Collect$$$$00000008)
    .ARM.Collect$$$$0000000A                 0x08000138   Section        0  entry8b.o(.ARM.Collect$$$$0000000A)
    .ARM.Collect$$$$0000000B                 0x08000138   Section        8  entry9a.o(.ARM.Collect$$$$0000000B)
    .ARM.Collect$$$$0000000D                 0x08000140   Section        0  entry10a.o(.ARM.Collect$$$$0000000D)
    .ARM.Collect$$$$0000000F                 0x08000140   Section        0  entry11a.o(.ARM.Collect$$$$0000000F)
    .ARM.Collect$$$$00002712                 0x08000140   Section        4  entry2.o(.ARM.Collect$$$$00002712)
    __lit__00000000                          0x08000140   Data           4  entry2.o(.ARM.Collect$$$$00002712)
    .text                                    0x08000144   Section       36  startup_stm32f103xe.o(.text)
    .text                                    0x08000168   Section      204  los_dispatch_keil.o(.text)
    .text                                    0x08000234   Section        0  uldiv.o(.text)
    .text                                    0x08000296   Section        0  llushr.o(.text)
    .text                                    0x080002b6   Section        0  memcpya.o(.text)
    .text                                    0x080002da   Section        0  memseta.o(.text)
    .text                                    0x080002fe   Section        0  llshl.o(.text)
    .text                                    0x0800031c   Section       36  init.o(.text)
    .text                                    0x08000340   Section        0  iusesemip.o(.text)
    .text                                    0x08000340   Section        0  semi.o(.text)
    i.BusFault_Handler                       0x08000340   Section        0  stm32f1xx_it.o(i.BusFault_Handler)
    i.DebugMon_Handler                       0x08000342   Section        0  stm32f1xx_it.o(i.DebugMon_Handler)
    i.Error_Handler                          0x08000344   Section        0  main.o(i.Error_Handler)
    i.HAL_Delay                              0x08000348   Section        0  stm32f1xx_hal.o(i.HAL_Delay)
    i.HAL_GPIO_Init                          0x0800036c   Section        0  stm32f1xx_hal_gpio.o(i.HAL_GPIO_Init)
    i.HAL_GPIO_TogglePin                     0x08000564   Section        0  stm32f1xx_hal_gpio.o(i.HAL_GPIO_TogglePin)
    i.HAL_GPIO_WritePin                      0x08000574   Section        0  stm32f1xx_hal_gpio.o(i.HAL_GPIO_WritePin)
    i.HAL_GetTick                            0x08000580   Section        0  stm32f1xx_hal.o(i.HAL_GetTick)
    i.HAL_Init                               0x0800058c   Section        0  stm32f1xx_hal.o(i.HAL_Init)
    i.HAL_InitTick                           0x080005b0   Section        0  stm32f1xx_hal.o(i.HAL_InitTick)
    i.HAL_MspInit                            0x080005f0   Section        0  stm32f1xx_hal_msp.o(i.HAL_MspInit)
    i.HAL_NVIC_SetPriority                   0x0800062c   Section        0  stm32f1xx_hal_cortex.o(i.HAL_NVIC_SetPriority)
    i.HAL_NVIC_SetPriorityGrouping           0x0800066c   Section        0  stm32f1xx_hal_cortex.o(i.HAL_NVIC_SetPriorityGrouping)
    i.HAL_RCC_ClockConfig                    0x08000690   Section        0  stm32f1xx_hal_rcc.o(i.HAL_RCC_ClockConfig)
    i.HAL_RCC_GetPCLK1Freq                   0x080007bc   Section        0  stm32f1xx_hal_rcc.o(i.HAL_RCC_GetPCLK1Freq)
    i.HAL_RCC_GetPCLK2Freq                   0x080007dc   Section        0  stm32f1xx_hal_rcc.o(i.HAL_RCC_GetPCLK2Freq)
    i.HAL_RCC_GetSysClockFreq                0x080007fc   Section        0  stm32f1xx_hal_rcc.o(i.HAL_RCC_GetSysClockFreq)
    i.HAL_RCC_OscConfig                      0x08000868   Section        0  stm32f1xx_hal_rcc.o(i.HAL_RCC_OscConfig)
    i.HAL_SYSTICK_Config                     0x08000b88   Section        0  stm32f1xx_hal_cortex.o(i.HAL_SYSTICK_Config)
    i.HAL_UART_Init                          0x08000bb0   Section        0  stm32f1xx_hal_uart.o(i.HAL_UART_Init)
    i.HAL_UART_MspInit                       0x08000c14   Section        0  usart.o(i.HAL_UART_MspInit)
    i.HardFault_Handler                      0x08000c84   Section        0  stm32f1xx_it.o(i.HardFault_Handler)
    i.LOS_ListAdd                            0x08000c86   Section        0  los_task.o(i.LOS_ListAdd)
    LOS_ListAdd                              0x08000c87   Thumb Code    14  los_task.o(i.LOS_ListAdd)
    i.LOS_ListDelete                         0x08000c94   Section        0  los_task.o(i.LOS_ListDelete)
    LOS_ListDelete                           0x08000c95   Thumb Code    20  los_task.o(i.LOS_ListDelete)
    i.LOS_ListTailInsert                     0x08000ca8   Section        0  los_task.o(i.LOS_ListTailInsert)
    LOS_ListTailInsert                       0x08000ca9   Thumb Code     6  los_task.o(i.LOS_ListTailInsert)
    i.LOS_QueueWriteCopy                     0x08000cae   Section        0  los_queue.o(i.LOS_QueueWriteCopy)
    i.LOS_Schedule                           0x08000cd4   Section        0  los_hw.o(i.LOS_Schedule)
    i.LOS_TaskYield                          0x08000d14   Section        0  los_task.o(i.LOS_TaskYield)
    i.MX_GPIO_Init                           0x08000d84   Section        0  gpio.o(i.MX_GPIO_Init)
    i.MX_USART1_UART_Init                    0x08000df4   Section        0  usart.o(i.MX_USART1_UART_Init)
    i.MemManage_Handler                      0x08000e2c   Section        0  stm32f1xx_it.o(i.MemManage_Handler)
    i.NMI_Handler                            0x08000e2e   Section        0  stm32f1xx_it.o(i.NMI_Handler)
    i.SVC_Handler                            0x08000e30   Section        0  stm32f1xx_it.o(i.SVC_Handler)
    i.SysTick_Handler                        0x08000e34   Section        0  los_hwi.o(i.SysTick_Handler)
    i.SystemClock_Config                     0x08000e58   Section        0  main.o(i.SystemClock_Config)
    i.SystemInit                             0x08000ea6   Section        0  system_stm32f1xx.o(i.SystemInit)
    i.UART_SetConfig                         0x08000ea8   Section        0  stm32f1xx_hal_uart.o(i.UART_SetConfig)
    UART_SetConfig                           0x08000ea9   Thumb Code   178  stm32f1xx_hal_uart.o(i.UART_SetConfig)
    i.UsageFault_Handler                     0x08000f60   Section        0  stm32f1xx_it.o(i.UsageFault_Handler)
    i.__0printf$8                            0x08000f64   Section        0  printf8.o(i.__0printf$8)
    i.__NVIC_SetPriority                     0x08000f84   Section        0  stm32f1xx_hal_cortex.o(i.__NVIC_SetPriority)
    __NVIC_SetPriority                       0x08000f85   Thumb Code    32  stm32f1xx_hal_cortex.o(i.__NVIC_SetPriority)
    i.__scatterload_copy                     0x08000fa4   Section       14  handlers.o(i.__scatterload_copy)
    i.__scatterload_null                     0x08000fb2   Section        2  handlers.o(i.__scatterload_null)
    i.__scatterload_zeroinit                 0x08000fb4   Section       14  handlers.o(i.__scatterload_zeroinit)
    i._printf_core                           0x08000fc4   Section        0  printf8.o(i._printf_core)
    _printf_core                             0x08000fc5   Thumb Code   996  printf8.o(i._printf_core)
    i._printf_post_padding                   0x080013d4   Section        0  printf8.o(i._printf_post_padding)
    _printf_post_padding                     0x080013d5   Thumb Code    36  printf8.o(i._printf_post_padding)
    i._printf_pre_padding                    0x080013f8   Section        0  printf8.o(i._printf_pre_padding)
    _printf_pre_padding                      0x080013f9   Thumb Code    46  printf8.o(i._printf_pre_padding)
    i.fputc                                  0x08001426   Section        0  fputc.o(i.fputc)
    i.main                                   0x08001438   Section        0  main.o(i.main)
    i.osIntNumGet                            0x08001468   Section        0  los_hwi.o(i.osIntNumGet)
    i.osPriqueueDequeue                      0x08001470   Section        0  los_priqueue.o(i.osPriqueueDequeue)
    i.osPriqueueEnqueue                      0x080014a8   Section        0  los_priqueue.o(i.osPriqueueEnqueue)
    i.osPriqueueSize                         0x080014d8   Section        0  los_priqueue.o(i.osPriqueueSize)
    i.osPriqueueTop                          0x080014fc   Section        0  los_priqueue.o(i.osPriqueueTop)
    i.osQueueBufferOperate                   0x08001518   Section        0  los_queue.o(i.osQueueBufferOperate)
    osQueueBufferOperate                     0x08001519   Thumb Code   168  los_queue.o(i.osQueueBufferOperate)
    i.osQueueOperate                         0x080015e8   Section        0  los_queue.o(i.osQueueOperate)
    i.osQueueWriteParameterCheck             0x08001750   Section        0  los_queue.o(i.osQueueWriteParameterCheck)
    osQueueWriteParameterCheck               0x08001751   Thumb Code    46  los_queue.o(i.osQueueWriteParameterCheck)
    i.osSwTmrStart                           0x08001784   Section        0  los_swtmr.o(i.osSwTmrStart)
    i.osSwTmrTimeoutHandle                   0x0800190c   Section        0  los_swtmr.o(i.osSwTmrTimeoutHandle)
    osSwTmrTimeoutHandle                     0x0800190d   Thumb Code    98  los_swtmr.o(i.osSwTmrTimeoutHandle)
    i.osSwtmrDelete                          0x08001974   Section        0  los_swtmr.o(i.osSwtmrDelete)
    osSwtmrDelete                            0x08001975   Thumb Code    26  los_swtmr.o(i.osSwtmrDelete)
    i.osSwtmrScan                            0x08001998   Section        0  los_swtmr.o(i.osSwtmrScan)
    i.osTaskAdd2TimerList                    0x080019b4   Section        0  los_task.o(i.osTaskAdd2TimerList)
    i.osTaskScan                             0x08001a38   Section        0  los_task.o(i.osTaskScan)
    i.osTaskWait                             0x08001aec   Section        0  los_task.o(i.osTaskWait)
    i.osTaskWake                             0x08001b38   Section        0  los_task.o(i.osTaskWake)
    i.osTickHandler                          0x08001b78   Section        0  los_tick.o(i.osTickHandler)
    i.osTimerListDelete                      0x08001ba0   Section        0  los_task.o(i.osTimerListDelete)
    i.osTimesliceCheck                       0x08001bd4   Section        0  los_timeslice.o(i.osTimesliceCheck)
    .constdata                               0x08001c0c   Section        8  main.o(.constdata)
    .constdata                               0x08001c14   Section       16  system_stm32f1xx.o(.constdata)
    .constdata                               0x08001c24   Section        8  system_stm32f1xx.o(.constdata)
    .data                                    0x20000000   Section        8  los_priqueue.o(.data)
    g_uwPriQueueBitmap                       0x20000000   Data           4  los_priqueue.o(.data)
    .data                                    0x20000008   Section       28  los_swtmr.o(.data)
    m_uwSwtimerRousesTime                    0x20000008   Data           4  los_swtmr.o(.data)
    m_pstRouses                              0x2000000c   Data           4  los_swtmr.o(.data)
    m_pstRousesPrev                          0x20000010   Data           4  los_swtmr.o(.data)
    .data                                    0x20000024   Section       72  los_task.o(.data)
    .data                                    0x2000006c   Section        4  los_tick.o(.data)
    .data                                    0x20000070   Section       16  los_tick.o(.data)
    .data                                    0x20000080   Section        8  los_timeslice.o(.data)
    .data                                    0x20000088   Section       12  los_queue.o(.data)
    .data                                    0x20000094   Section       12  stm32f1xx_hal.o(.data)
    .data                                    0x200000a0   Section        4  system_stm32f1xx.o(.data)
    .data                                    0x200000a4   Section        4  stdout.o(.data)
    .bss                                     0x200000a8   Section       64  los_swtmr.o(.bss)
    .bss                                     0x200000e8   Section       64  usart.o(.bss)
    STACK                                    0x20000128   Section     1024  startup_stm32f103xe.o(STACK)

    Global Symbols

    Symbol Name                              Value     Ov Type        Size  Object(Section)

    BuildAttributes$$THM_ISAv4$P$D$K$B$S$PE$A:L22UL41UL21$X:L11$S22US41US21$IEEE1$IW$USESV6$~STKCKD$USESV7$~SHL$OSPACE$ROPI$EBA8$MICROLIB$REQ8$PRES8$EABIv2 0x00000000   Number         0  anon$$obj.o ABSOLUTE
    __ARM_use_no_argv                        0x00000000   Number         0  main.o ABSOLUTE
    _printf_a                                0x00000000   Number         0  stubs.o ABSOLUTE
    _printf_c                                0x00000000   Number         0  stubs.o ABSOLUTE
    _printf_charcount                        0x00000000   Number         0  stubs.o ABSOLUTE
    _printf_d                                0x00000000   Number         0  stubs.o ABSOLUTE
    _printf_e                                0x00000000   Number         0  stubs.o ABSOLUTE
    _printf_f                                0x00000000   Number         0  stubs.o ABSOLUTE
    _printf_flags                            0x00000000   Number         0  stubs.o ABSOLUTE
    _printf_fp_dec                           0x00000000   Number         0  stubs.o ABSOLUTE
    _printf_fp_hex                           0x00000000   Number         0  stubs.o ABSOLUTE
    _printf_g                                0x00000000   Number         0  stubs.o ABSOLUTE
    _printf_i                                0x00000000   Number         0  stubs.o ABSOLUTE
    _printf_int_dec                          0x00000000   Number         0  stubs.o ABSOLUTE
    _printf_l                                0x00000000   Number         0  stubs.o ABSOLUTE
    _printf_lc                               0x00000000   Number         0  stubs.o ABSOLUTE
    _printf_ll                               0x00000000   Number         0  stubs.o ABSOLUTE
    _printf_lld                              0x00000000   Number         0  stubs.o ABSOLUTE
    _printf_lli                              0x00000000   Number         0  stubs.o ABSOLUTE
    _printf_llo                              0x00000000   Number         0  stubs.o ABSOLUTE
    _printf_llu                              0x00000000   Number         0  stubs.o ABSOLUTE
    _printf_llx                              0x00000000   Number         0  stubs.o ABSOLUTE
    _printf_longlong_dec                     0x00000000   Number         0  stubs.o ABSOLUTE
    _printf_longlong_hex                     0x00000000   Number         0  stubs.o ABSOLUTE
    _printf_longlong_oct                     0x00000000   Number         0  stubs.o ABSOLUTE
    _printf_ls                               0x00000000   Number         0  stubs.o ABSOLUTE
    _printf_mbtowc                           0x00000000   Number         0  stubs.o ABSOLUTE
    _printf_n                                0x00000000   Number         0  stubs.o ABSOLUTE
    _printf_o                                0x00000000   Number         0  stubs.o ABSOLUTE
    _printf_p                                0x00000000   Number         0  stubs.o ABSOLUTE
    _printf_percent                          0x00000000   Number         0  stubs.o ABSOLUTE
    _printf_pre_padding                      0x00000000   Number         0  stubs.o ABSOLUTE
    _printf_return_value                     0x00000000   Number         0  stubs.o ABSOLUTE
    _printf_s                                0x00000000   Number         0  stubs.o ABSOLUTE
    _printf_sizespec                         0x00000000   Number         0  stubs.o ABSOLUTE
    _printf_str                              0x00000000   Number         0  stubs.o ABSOLUTE
    _printf_truncate_signed                  0x00000000   Number         0  stubs.o ABSOLUTE
    _printf_truncate_unsigned                0x00000000   Number         0  stubs.o ABSOLUTE
    _printf_u                                0x00000000   Number         0  stubs.o ABSOLUTE
    _printf_wc                               0x00000000   Number         0  stubs.o ABSOLUTE
    _printf_wctomb                           0x00000000   Number         0  stubs.o ABSOLUTE
    _printf_widthprec                        0x00000000   Number         0  stubs.o ABSOLUTE
    _printf_x                                0x00000000   Number         0  stubs.o ABSOLUTE
    __cpp_initialize__aeabi_                  - Undefined Weak Reference
    __cxa_finalize                            - Undefined Weak Reference
    __decompress                              - Undefined Weak Reference
    _clock_init                               - Undefined Weak Reference
    _microlib_exit                            - Undefined Weak Reference
    __Vectors_Size                           0x00000130   Number         0  startup_stm32f103xe.o ABSOLUTE
    __Vectors                                0x08000000   Data           4  startup_stm32f103xe.o(RESET)
    __Vectors_End                            0x08000130   Data           0  startup_stm32f103xe.o(RESET)
    __main                                   0x08000131   Thumb Code     0  entry.o(.ARM.Collect$$$$00000000)
    _main_stk                                0x08000131   Thumb Code     0  entry2.o(.ARM.Collect$$$$00000001)
    _main_scatterload                        0x08000135   Thumb Code     0  entry5.o(.ARM.Collect$$$$00000004)
    __main_after_scatterload                 0x08000139   Thumb Code     0  entry5.o(.ARM.Collect$$$$00000004)
    _main_clock                              0x08000139   Thumb Code     0  entry7b.o(.ARM.Collect$$$$00000008)
    _main_cpp_init                           0x08000139   Thumb Code     0  entry8b.o(.ARM.Collect$$$$0000000A)
    _main_init                               0x08000139   Thumb Code     0  entry9a.o(.ARM.Collect$$$$0000000B)
    __rt_final_cpp                           0x08000141   Thumb Code     0  entry10a.o(.ARM.Collect$$$$0000000D)
    __rt_final_exit                          0x08000141   Thumb Code     0  entry11a.o(.ARM.Collect$$$$0000000F)
    Reset_Handler                            0x08000145   Thumb Code     8  startup_stm32f103xe.o(.text)
    ADC1_2_IRQHandler                        0x0800015f   Thumb Code     0  startup_stm32f103xe.o(.text)
    ADC3_IRQHandler                          0x0800015f   Thumb Code     0  startup_stm32f103xe.o(.text)
    CAN1_RX1_IRQHandler                      0x0800015f   Thumb Code     0  startup_stm32f103xe.o(.text)
    CAN1_SCE_IRQHandler                      0x0800015f   Thumb Code     0  startup_stm32f103xe.o(.text)
    DMA1_Channel1_IRQHandler                 0x0800015f   Thumb Code     0  startup_stm32f103xe.o(.text)
    DMA1_Channel2_IRQHandler                 0x0800015f   Thumb Code     0  startup_stm32f103xe.o(.text)
    DMA1_Channel3_IRQHandler                 0x0800015f   Thumb Code     0  startup_stm32f103xe.o(.text)
    DMA1_Channel4_IRQHandler                 0x0800015f   Thumb Code     0  startup_stm32f103xe.o(.text)
    DMA1_Channel5_IRQHandler                 0x0800015f   Thumb Code     0  startup_stm32f103xe.o(.text)
    DMA1_Channel6_IRQHandler                 0x0800015f   Thumb Code     0  startup_stm32f103xe.o(.text)
    DMA1_Channel7_IRQHandler                 0x0800015f   Thumb Code     0  startup_stm32f103xe.o(.text)
    DMA2_Channel1_IRQHandler                 0x0800015f   Thumb Code     0  startup_stm32f103xe.o(.text)
    DMA2_Channel2_IRQHandler                 0x0800015f   Thumb Code     0  startup_stm32f103xe.o(.text)
    DMA2_Channel3_IRQHandler                 0x0800015f   Thumb Code     0  startup_stm32f103xe.o(.text)
    DMA2_Channel4_5_IRQHandler               0x0800015f   Thumb Code     0  startup_stm32f103xe.o(.text)
    EXTI0_IRQHandler                         0x0800015f   Thumb Code     0  startup_stm32f103xe.o(.text)
    EXTI15_10_IRQHandler                     0x0800015f   Thumb Code     0  startup_stm32f103xe.o(.text)
    EXTI1_IRQHandler                         0x0800015f   Thumb Code     0  startup_stm32f103xe.o(.text)
    EXTI2_IRQHandler                         0x0800015f   Thumb Code     0  startup_stm32f103xe.o(.text)
    EXTI3_IRQHandler                         0x0800015f   Thumb Code     0  startup_stm32f103xe.o(.text)
    EXTI4_IRQHandler                         0x0800015f   Thumb Code     0  startup_stm32f103xe.o(.text)
    EXTI9_5_IRQHandler                       0x0800015f   Thumb Code     0  startup_stm32f103xe.o(.text)
    FLASH_IRQHandler                         0x0800015f   Thumb Code     0  startup_stm32f103xe.o(.text)
    FSMC_IRQHandler                          0x0800015f   Thumb Code     0  startup_stm32f103xe.o(.text)
    I2C1_ER_IRQHandler                       0x0800015f   Thumb Code     0  startup_stm32f103xe.o(.text)
    I2C1_EV_IRQHandler                       0x0800015f   Thumb Code     0  startup_stm32f103xe.o(.text)
    I2C2_ER_IRQHandler                       0x0800015f   Thumb Code     0  startup_stm32f103xe.o(.text)
    I2C2_EV_IRQHandler                       0x0800015f   Thumb Code     0  startup_stm32f103xe.o(.text)
    PVD_IRQHandler                           0x0800015f   Thumb Code     0  startup_stm32f103xe.o(.text)
    RCC_IRQHandler                           0x0800015f   Thumb Code     0  startup_stm32f103xe.o(.text)
    RTC_Alarm_IRQHandler                     0x0800015f   Thumb Code     0  startup_stm32f103xe.o(.text)
    RTC_IRQHandler                           0x0800015f   Thumb Code     0  startup_stm32f103xe.o(.text)
    SDIO_IRQHandler                          0x0800015f   Thumb Code     0  startup_stm32f103xe.o(.text)
    SPI1_IRQHandler                          0x0800015f   Thumb Code     0  startup_stm32f103xe.o(.text)
    SPI2_IRQHandler                          0x0800015f   Thumb Code     0  startup_stm32f103xe.o(.text)
    SPI3_IRQHandler                          0x0800015f   Thumb Code     0  startup_stm32f103xe.o(.text)
    TAMPER_IRQHandler                        0x0800015f   Thumb Code     0  startup_stm32f103xe.o(.text)
    TIM1_BRK_IRQHandler                      0x0800015f   Thumb Code     0  startup_stm32f103xe.o(.text)
    TIM1_CC_IRQHandler                       0x0800015f   Thumb Code     0  startup_stm32f103xe.o(.text)
    TIM1_TRG_COM_IRQHandler                  0x0800015f   Thumb Code     0  startup_stm32f103xe.o(.text)
    TIM1_UP_IRQHandler                       0x0800015f   Thumb Code     0  startup_stm32f103xe.o(.text)
    TIM2_IRQHandler                          0x0800015f   Thumb Code     0  startup_stm32f103xe.o(.text)
    TIM3_IRQHandler                          0x0800015f   Thumb Code     0  startup_stm32f103xe.o(.text)
    TIM4_IRQHandler                          0x0800015f   Thumb Code     0  startup_stm32f103xe.o(.text)
    TIM5_IRQHandler                          0x0800015f   Thumb Code     0  startup_stm32f103xe.o(.text)
    TIM6_IRQHandler                          0x0800015f   Thumb Code     0  startup_stm32f103xe.o(.text)
    TIM7_IRQHandler                          0x0800015f   Thumb Code     0  startup_stm32f103xe.o(.text)
    TIM8_BRK_IRQHandler                      0x0800015f   Thumb Code     0  startup_stm32f103xe.o(.text)
    TIM8_CC_IRQHandler                       0x0800015f   Thumb Code     0  startup_stm32f103xe.o(.text)
    TIM8_TRG_COM_IRQHandler                  0x0800015f   Thumb Code     0  startup_stm32f103xe.o(.text)
    TIM8_UP_IRQHandler                       0x0800015f   Thumb Code     0  startup_stm32f103xe.o(.text)
    UART4_IRQHandler                         0x0800015f   Thumb Code     0  startup_stm32f103xe.o(.text)
    UART5_IRQHandler                         0x0800015f   Thumb Code     0  startup_stm32f103xe.o(.text)
    USART1_IRQHandler                        0x0800015f   Thumb Code     0  startup_stm32f103xe.o(.text)
    USART2_IRQHandler                        0x0800015f   Thumb Code     0  startup_stm32f103xe.o(.text)
    USART3_IRQHandler                        0x0800015f   Thumb Code     0  startup_stm32f103xe.o(.text)
    USBWakeUp_IRQHandler                     0x0800015f   Thumb Code     0  startup_stm32f103xe.o(.text)
    USB_HP_CAN1_TX_IRQHandler                0x0800015f   Thumb Code     0  startup_stm32f103xe.o(.text)
    USB_LP_CAN1_RX0_IRQHandler               0x0800015f   Thumb Code     0  startup_stm32f103xe.o(.text)
    WWDG_IRQHandler                          0x0800015f   Thumb Code     0  startup_stm32f103xe.o(.text)
    LOS_StartToRun                           0x08000169   Thumb Code     0  los_dispatch_keil.o(.text)
    LOS_IntLock                              0x080001b1   Thumb Code     0  los_dispatch_keil.o(.text)
    LOS_IntUnLock                            0x080001b9   Thumb Code     0  los_dispatch_keil.o(.text)
    LOS_IntRestore                           0x080001c1   Thumb Code     0  los_dispatch_keil.o(.text)
    osTaskSchedule                           0x080001c7   Thumb Code     0  los_dispatch_keil.o(.text)
    PendSV_Handler                           0x080001d1   Thumb Code     0  los_dispatch_keil.o(.text)
    __aeabi_uldivmod                         0x08000235   Thumb Code    98  uldiv.o(.text)
    __aeabi_llsr                             0x08000297   Thumb Code    32  llushr.o(.text)
    _ll_ushift_r                             0x08000297   Thumb Code     0  llushr.o(.text)
    __aeabi_memcpy                           0x080002b7   Thumb Code    36  memcpya.o(.text)
    __aeabi_memcpy4                          0x080002b7   Thumb Code     0  memcpya.o(.text)
    __aeabi_memcpy8                          0x080002b7   Thumb Code     0  memcpya.o(.text)
    __aeabi_memset                           0x080002db   Thumb Code    14  memseta.o(.text)
    __aeabi_memset4                          0x080002db   Thumb Code     0  memseta.o(.text)
    __aeabi_memset8                          0x080002db   Thumb Code     0  memseta.o(.text)
    __aeabi_memclr                           0x080002e9   Thumb Code     4  memseta.o(.text)
    __aeabi_memclr4                          0x080002e9   Thumb Code     0  memseta.o(.text)
    __aeabi_memclr8                          0x080002e9   Thumb Code     0  memseta.o(.text)
    _memset$wrapper                          0x080002ed   Thumb Code    18  memseta.o(.text)
    __aeabi_llsl                             0x080002ff   Thumb Code    30  llshl.o(.text)
    _ll_shift_l                              0x080002ff   Thumb Code     0  llshl.o(.text)
    __scatterload                            0x0800031d   Thumb Code    28  init.o(.text)
    __scatterload_rt2                        0x0800031d   Thumb Code     0  init.o(.text)
    BusFault_Handler                         0x08000341   Thumb Code     2  stm32f1xx_it.o(i.BusFault_Handler)
    __I$use$semihosting$fputc                0x08000341   Thumb Code     0  iusesemip.o(.text)
    __semihosting_library_function           0x08000341   Thumb Code     0  semi.o(.text)
    DebugMon_Handler                         0x08000343   Thumb Code     2  stm32f1xx_it.o(i.DebugMon_Handler)
    Error_Handler                            0x08000345   Thumb Code     2  main.o(i.Error_Handler)
    HAL_Delay                                0x08000349   Thumb Code    32  stm32f1xx_hal.o(i.HAL_Delay)
    HAL_GPIO_Init                            0x0800036d   Thumb Code   462  stm32f1xx_hal_gpio.o(i.HAL_GPIO_Init)
    HAL_GPIO_TogglePin                       0x08000565   Thumb Code    16  stm32f1xx_hal_gpio.o(i.HAL_GPIO_TogglePin)
    HAL_GPIO_WritePin                        0x08000575   Thumb Code    10  stm32f1xx_hal_gpio.o(i.HAL_GPIO_WritePin)
    HAL_GetTick                              0x08000581   Thumb Code     6  stm32f1xx_hal.o(i.HAL_GetTick)
    HAL_Init                                 0x0800058d   Thumb Code    32  stm32f1xx_hal.o(i.HAL_Init)
    HAL_InitTick                             0x080005b1   Thumb Code    54  stm32f1xx_hal.o(i.HAL_InitTick)
    HAL_MspInit                              0x080005f1   Thumb Code    52  stm32f1xx_hal_msp.o(i.HAL_MspInit)
    HAL_NVIC_SetPriority                     0x0800062d   Thumb Code    60  stm32f1xx_hal_cortex.o(i.HAL_NVIC_SetPriority)
    HAL_NVIC_SetPriorityGrouping             0x0800066d   Thumb Code    26  stm32f1xx_hal_cortex.o(i.HAL_NVIC_SetPriorityGrouping)
    HAL_RCC_ClockConfig                      0x08000691   Thumb Code   280  stm32f1xx_hal_rcc.o(i.HAL_RCC_ClockConfig)
    HAL_RCC_GetPCLK1Freq                     0x080007bd   Thumb Code    20  stm32f1xx_hal_rcc.o(i.HAL_RCC_GetPCLK1Freq)
    HAL_RCC_GetPCLK2Freq                     0x080007dd   Thumb Code    20  stm32f1xx_hal_rcc.o(i.HAL_RCC_GetPCLK2Freq)
    HAL_RCC_GetSysClockFreq                  0x080007fd   Thumb Code    74  stm32f1xx_hal_rcc.o(i.HAL_RCC_GetSysClockFreq)
    HAL_RCC_OscConfig                        0x08000869   Thumb Code   778  stm32f1xx_hal_rcc.o(i.HAL_RCC_OscConfig)
    HAL_SYSTICK_Config                       0x08000b89   Thumb Code    40  stm32f1xx_hal_cortex.o(i.HAL_SYSTICK_Config)
    HAL_UART_Init                            0x08000bb1   Thumb Code    98  stm32f1xx_hal_uart.o(i.HAL_UART_Init)
    HAL_UART_MspInit                         0x08000c15   Thumb Code   100  usart.o(i.HAL_UART_MspInit)
    HardFault_Handler                        0x08000c85   Thumb Code     2  stm32f1xx_it.o(i.HardFault_Handler)
    LOS_QueueWriteCopy                       0x08000caf   Thumb Code    38  los_queue.o(i.LOS_QueueWriteCopy)
    LOS_Schedule                             0x08000cd5   Thumb Code    54  los_hw.o(i.LOS_Schedule)
    LOS_TaskYield                            0x08000d15   Thumb Code   102  los_task.o(i.LOS_TaskYield)
    MX_GPIO_Init                             0x08000d85   Thumb Code   102  gpio.o(i.MX_GPIO_Init)
    MX_USART1_UART_Init                      0x08000df5   Thumb Code    48  usart.o(i.MX_USART1_UART_Init)
    MemManage_Handler                        0x08000e2d   Thumb Code     2  stm32f1xx_it.o(i.MemManage_Handler)
    NMI_Handler                              0x08000e2f   Thumb Code     2  stm32f1xx_it.o(i.NMI_Handler)
    SVC_Handler                              0x08000e31   Thumb Code     2  stm32f1xx_it.o(i.SVC_Handler)
    SysTick_Handler                          0x08000e35   Thumb Code    28  los_hwi.o(i.SysTick_Handler)
    SystemClock_Config                       0x08000e59   Thumb Code    78  main.o(i.SystemClock_Config)
    SystemInit                               0x08000ea7   Thumb Code     2  system_stm32f1xx.o(i.SystemInit)
    UsageFault_Handler                       0x08000f61   Thumb Code     2  stm32f1xx_it.o(i.UsageFault_Handler)
    __0printf$8                              0x08000f65   Thumb Code    22  printf8.o(i.__0printf$8)
    __1printf$8                              0x08000f65   Thumb Code     0  printf8.o(i.__0printf$8)
    __2printf                                0x08000f65   Thumb Code     0  printf8.o(i.__0printf$8)
    __scatterload_copy                       0x08000fa5   Thumb Code    14  handlers.o(i.__scatterload_copy)
    __scatterload_null                       0x08000fb3   Thumb Code     2  handlers.o(i.__scatterload_null)
    __scatterload_zeroinit                   0x08000fb5   Thumb Code    14  handlers.o(i.__scatterload_zeroinit)
    fputc                                    0x08001427   Thumb Code    18  fputc.o(i.fputc)
    main                                     0x08001439   Thumb Code    44  main.o(i.main)
    osIntNumGet                              0x08001469   Thumb Code     6  los_hwi.o(i.osIntNumGet)
    osPriqueueDequeue                        0x08001471   Thumb Code    50  los_priqueue.o(i.osPriqueueDequeue)
    osPriqueueEnqueue                        0x080014a9   Thumb Code    44  los_priqueue.o(i.osPriqueueEnqueue)
    osPriqueueSize                           0x080014d9   Thumb Code    30  los_priqueue.o(i.osPriqueueSize)
    osPriqueueTop                            0x080014fd   Thumb Code    24  los_priqueue.o(i.osPriqueueTop)
    osQueueOperate                           0x080015e9   Thumb Code   342  los_queue.o(i.osQueueOperate)
    osSwTmrStart                             0x08001785   Thumb Code   382  los_swtmr.o(i.osSwTmrStart)
    osSwtmrScan                              0x08001999   Thumb Code    24  los_swtmr.o(i.osSwtmrScan)
    osTaskAdd2TimerList                      0x080019b5   Thumb Code   126  los_task.o(i.osTaskAdd2TimerList)
    osTaskScan                               0x08001a39   Thumb Code   174  los_task.o(i.osTaskScan)
    osTaskWait                               0x08001aed   Thumb Code    70  los_task.o(i.osTaskWait)
    osTaskWake                               0x08001b39   Thumb Code    64  los_task.o(i.osTaskWake)
    osTickHandler                            0x08001b79   Thumb Code    34  los_tick.o(i.osTickHandler)
    osTimerListDelete                        0x08001ba1   Thumb Code    48  los_task.o(i.osTimerListDelete)
    osTimesliceCheck                         0x08001bd5   Thumb Code    44  los_timeslice.o(i.osTimesliceCheck)
    AHBPrescTable                            0x08001c14   Data          16  system_stm32f1xx.o(.constdata)
    APBPrescTable                            0x08001c24   Data           8  system_stm32f1xx.o(.constdata)
    Region$$Table$$Base                      0x08001c2c   Number         0  anon$$obj.o(Region$$Table)
    Region$$Table$$Limit                     0x08001c4c   Number         0  anon$$obj.o(Region$$Table)
    g_pstLosPriorityQueueList                0x20000004   Data           4  los_priqueue.o(.data)
    m_uwSwTmrHandlerQueue                    0x20000014   Data           4  los_swtmr.o(.data)
    m_pstSwtmrCBArray                        0x20000018   Data           4  los_swtmr.o(.data)
    m_pstSwtmrFreeList                       0x2000001c   Data           4  los_swtmr.o(.data)
    m_pstSwtmrSortList                       0x20000020   Data           4  los_swtmr.o(.data)
    g_usLosTaskLock                          0x20000024   Data           2  los_task.o(.data)
    g_pfnTskSwitchHook                       0x20000028   Data           4  los_task.o(.data)
    g_pfnUsrTskSwitchHook                    0x2000002c   Data           4  los_task.o(.data)
    g_pstTaskCBArray                         0x20000030   Data           4  los_task.o(.data)
    g_uwTskMaxNum                            0x20000034   Data           4  los_task.o(.data)
    g_uwIdleTaskID                           0x20000038   Data           4  los_task.o(.data)
    g_uwSwtmrTaskID                          0x2000003c   Data           4  los_task.o(.data)
    g_bTaskScheduled                         0x20000040   Data           4  los_task.o(.data)
    g_stLosTask                              0x20000044   Data           8  los_task.o(.data)
    g_stTaskTimerList                        0x2000004c   Data           8  los_task.o(.data)
    g_stLosFreeTask                          0x20000054   Data           8  los_task.o(.data)
    g_stTskRecyleList                        0x2000005c   Data           8  los_task.o(.data)
    g_stTskSortLink                          0x20000064   Data           8  los_task.o(.data)
    g_bSysTickStart                          0x2000006c   Data           4  los_tick.o(.data)
    g_uwSysClock                             0x20000070   Data           4  los_tick.o(.data)
    g_ullTickCount                           0x20000078   Data           8  los_tick.o(.data)
    g_stTaskTimeSlice                        0x20000080   Data           8  los_timeslice.o(.data)
    g_pstAllQueue                            0x20000088   Data           4  los_queue.o(.data)
    g_stFreeQueueList                        0x2000008c   Data           8  los_queue.o(.data)
    uwTickFreq                               0x20000094   Data           1  stm32f1xx_hal.o(.data)
    uwTickPrio                               0x20000098   Data           4  stm32f1xx_hal.o(.data)
    uwTick                                   0x2000009c   Data           4  stm32f1xx_hal.o(.data)
    SystemCoreClock                          0x200000a0   Data           4  system_stm32f1xx.o(.data)
    __stdout                                 0x200000a4   Data           4  stdout.o(.data)
    m_uwSwTmrAlignID                         0x200000a8   Data          64  los_swtmr.o(.bss)
    huart1                                   0x200000e8   Data          64  usart.o(.bss)
    Image$$RW_IRAM1$$ZI$$Limit               0x20000528   Number         0  anon$$obj.o ABSOLUTE
    __initial_sp                             0x20000528   Data           0  startup_stm32f103xe.o(STACK)



==============================================================================

Memory Map of the image

  Image Entry point : 0x08000131

  Load Region LR_IROM1 (Base: 0x08000000, Size: 0x00001cf4, Max: 0x00080000, ABSOLUTE)

    Execution Region ER_IROM1 (Base: 0x08000000, Size: 0x00001c4c, Max: 0x00080000, ABSOLUTE)

    Base Addr    Size         Type   Attr      Idx    E Section Name        Object

    0x08000000   0x00000130   Data   RO            3    RESET               startup_stm32f103xe.o
    0x08000130   0x00000000   Code   RO         3559  * .ARM.Collect$$$$00000000  mc_w.l(entry.o)
    0x08000130   0x00000004   Code   RO         3843    .ARM.Collect$$$$00000001  mc_w.l(entry2.o)
    0x08000134   0x00000004   Code   RO         3846    .ARM.Collect$$$$00000004  mc_w.l(entry5.o)
    0x08000138   0x00000000   Code   RO         3848    .ARM.Collect$$$$00000008  mc_w.l(entry7b.o)
    0x08000138   0x00000000   Code   RO         3850    .ARM.Collect$$$$0000000A  mc_w.l(entry8b.o)
    0x08000138   0x00000008   Code   RO         3851    .ARM.Collect$$$$0000000B  mc_w.l(entry9a.o)
    0x08000140   0x00000000   Code   RO         3853    .ARM.Collect$$$$0000000D  mc_w.l(entry10a.o)
    0x08000140   0x00000000   Code   RO         3855    .ARM.Collect$$$$0000000F  mc_w.l(entry11a.o)
    0x08000140   0x00000004   Code   RO         3844    .ARM.Collect$$$$00002712  mc_w.l(entry2.o)
    0x08000144   0x00000024   Code   RO            4    .text               startup_stm32f103xe.o
    0x08000168   0x000000cc   Code   RO          294    .text               los_dispatch_keil.o
    0x08000234   0x00000062   Code   RO         3562    .text               mc_w.l(uldiv.o)
    0x08000296   0x00000020   Code   RO         3564    .text               mc_w.l(llushr.o)
    0x080002b6   0x00000024   Code   RO         3566    .text               mc_w.l(memcpya.o)
    0x080002da   0x00000024   Code   RO         3568    .text               mc_w.l(memseta.o)
    0x080002fe   0x0000001e   Code   RO         3862    .text               mc_w.l(llshl.o)
    0x0800031c   0x00000024   Code   RO         3873    .text               mc_w.l(init.o)
    0x08000340   0x00000000   Code   RO         3875    .text               mc_w.l(semi.o)
    0x08000340   0x00000000   Code   RO         3878    .text               mc_w.l(iusesemip.o)
    0x08000340   0x00000002   Code   RO         2069    i.BusFault_Handler  stm32f1xx_it.o
    0x08000342   0x00000002   Code   RO         2070    i.DebugMon_Handler  stm32f1xx_it.o
    0x08000344   0x00000002   Code   RO         1956    i.Error_Handler     main.o
    0x08000346   0x00000002   PAD
    0x08000348   0x00000024   Code   RO         2556    i.HAL_Delay         stm32f1xx_hal.o
    0x0800036c   0x000001f8   Code   RO         2864    i.HAL_GPIO_Init     stm32f1xx_hal_gpio.o
    0x08000564   0x00000010   Code   RO         2867    i.HAL_GPIO_TogglePin  stm32f1xx_hal_gpio.o
    0x08000574   0x0000000a   Code   RO         2868    i.HAL_GPIO_WritePin  stm32f1xx_hal_gpio.o
    0x0800057e   0x00000002   PAD
    0x08000580   0x0000000c   Code   RO         2560    i.HAL_GetTick       stm32f1xx_hal.o
    0x0800058c   0x00000024   Code   RO         2567    i.HAL_Init          stm32f1xx_hal.o
    0x080005b0   0x00000040   Code   RO         2568    i.HAL_InitTick      stm32f1xx_hal.o
    0x080005f0   0x0000003c   Code   RO         2132    i.HAL_MspInit       stm32f1xx_hal_msp.o
    0x0800062c   0x00000040   Code   RO         3030    i.HAL_NVIC_SetPriority  stm32f1xx_hal_cortex.o
    0x0800066c   0x00000024   Code   RO         3031    i.HAL_NVIC_SetPriorityGrouping  stm32f1xx_hal_cortex.o
    0x08000690   0x0000012c   Code   RO         2724    i.HAL_RCC_ClockConfig  stm32f1xx_hal_rcc.o
    0x080007bc   0x00000020   Code   RO         2731    i.HAL_RCC_GetPCLK1Freq  stm32f1xx_hal_rcc.o
    0x080007dc   0x00000020   Code   RO         2732    i.HAL_RCC_GetPCLK2Freq  stm32f1xx_hal_rcc.o
    0x080007fc   0x0000006c   Code   RO         2733    i.HAL_RCC_GetSysClockFreq  stm32f1xx_hal_rcc.o
    0x08000868   0x00000320   Code   RO         2736    i.HAL_RCC_OscConfig  stm32f1xx_hal_rcc.o
    0x08000b88   0x00000028   Code   RO         3035    i.HAL_SYSTICK_Config  stm32f1xx_hal_cortex.o
    0x08000bb0   0x00000062   Code   RO         2253    i.HAL_UART_Init     stm32f1xx_hal_uart.o
    0x08000c12   0x00000002   PAD
    0x08000c14   0x00000070   Code   RO         2028    i.HAL_UART_MspInit  usart.o
    0x08000c84   0x00000002   Code   RO         2071    i.HardFault_Handler  stm32f1xx_it.o
    0x08000c86   0x0000000e   Code   RO          666    i.LOS_ListAdd       los_task.o
    0x08000c94   0x00000014   Code   RO          667    i.LOS_ListDelete    los_task.o
    0x08000ca8   0x00000006   Code   RO          668    i.LOS_ListTailInsert  los_task.o
    0x08000cae   0x00000026   Code   RO         1190    i.LOS_QueueWriteCopy  los_queue.o
    0x08000cd4   0x00000040   Code   RO           13    i.LOS_Schedule      los_hw.o
    0x08000d14   0x00000070   Code   RO          687    i.LOS_TaskYield     los_task.o
    0x08000d84   0x00000070   Code   RO         2003    i.MX_GPIO_Init      gpio.o
    0x08000df4   0x00000038   Code   RO         2029    i.MX_USART1_UART_Init  usart.o
    0x08000e2c   0x00000002   Code   RO         2072    i.MemManage_Handler  stm32f1xx_it.o
    0x08000e2e   0x00000002   Code   RO         2073    i.NMI_Handler       stm32f1xx_it.o
    0x08000e30   0x00000002   Code   RO         2074    i.SVC_Handler       stm32f1xx_it.o
    0x08000e32   0x00000002   PAD
    0x08000e34   0x00000024   Code   RO          264    i.SysTick_Handler   los_hwi.o
    0x08000e58   0x0000004e   Code   RO         1957    i.SystemClock_Config  main.o
    0x08000ea6   0x00000002   Code   RO         3525    i.SystemInit        system_stm32f1xx.o
    0x08000ea8   0x000000b8   Code   RO         2279    i.UART_SetConfig    stm32f1xx_hal_uart.o
    0x08000f60   0x00000002   Code   RO         2075    i.UsageFault_Handler  stm32f1xx_it.o
    0x08000f62   0x00000002   PAD
    0x08000f64   0x00000020   Code   RO         3781    i.__0printf$8       mc_w.l(printf8.o)
    0x08000f84   0x00000020   Code   RO         3037    i.__NVIC_SetPriority  stm32f1xx_hal_cortex.o
    0x08000fa4   0x0000000e   Code   RO         3881    i.__scatterload_copy  mc_w.l(handlers.o)
    0x08000fb2   0x00000002   Code   RO         3882    i.__scatterload_null  mc_w.l(handlers.o)
    0x08000fb4   0x0000000e   Code   RO         3883    i.__scatterload_zeroinit  mc_w.l(handlers.o)
    0x08000fc2   0x00000002   PAD
    0x08000fc4   0x00000410   Code   RO         3788    i._printf_core      mc_w.l(printf8.o)
    0x080013d4   0x00000024   Code   RO         3789    i._printf_post_padding  mc_w.l(printf8.o)
    0x080013f8   0x0000002e   Code   RO         3790    i._printf_pre_padding  mc_w.l(printf8.o)
    0x08001426   0x00000012   Code   RO         3857    i.fputc             mc_w.l(fputc.o)
    0x08001438   0x00000030   Code   RO         1958    i.main              main.o
    0x08001468   0x00000006   Code   RO          265    i.osIntNumGet       los_hwi.o
    0x0800146e   0x00000002   PAD
    0x08001470   0x00000038   Code   RO          300    i.osPriqueueDequeue  los_priqueue.o
    0x080014a8   0x00000030   Code   RO          301    i.osPriqueueEnqueue  los_priqueue.o
    0x080014d8   0x00000024   Code   RO          303    i.osPriqueueSize    los_priqueue.o
    0x080014fc   0x0000001c   Code   RO          304    i.osPriqueueTop     los_priqueue.o
    0x08001518   0x000000d0   Code   RO         1193    i.osQueueBufferOperate  los_queue.o
    0x080015e8   0x00000168   Code   RO         1197    i.osQueueOperate    los_queue.o
    0x08001750   0x00000034   Code   RO         1199    i.osQueueWriteParameterCheck  los_queue.o
    0x08001784   0x00000188   Code   RO          400    i.osSwTmrStart      los_swtmr.o
    0x0800190c   0x00000068   Code   RO          403    i.osSwTmrTimeoutHandle  los_swtmr.o
    0x08001974   0x00000024   Code   RO          405    i.osSwtmrDelete     los_swtmr.o
    0x08001998   0x0000001c   Code   RO          406    i.osSwtmrScan       los_swtmr.o
    0x080019b4   0x00000084   Code   RO          693    i.osTaskAdd2TimerList  los_task.o
    0x08001a38   0x000000b4   Code   RO          698    i.osTaskScan        los_task.o
    0x08001aec   0x0000004c   Code   RO          700    i.osTaskWait        los_task.o
    0x08001b38   0x00000040   Code   RO          701    i.osTaskWake        los_task.o
    0x08001b78   0x00000028   Code   RO          956    i.osTickHandler     los_tick.o
    0x08001ba0   0x00000034   Code   RO          702    i.osTimerListDelete  los_task.o
    0x08001bd4   0x00000038   Code   RO         1008    i.osTimesliceCheck  los_timeslice.o
    0x08001c0c   0x00000008   Data   RO         1959    .constdata          main.o
    0x08001c14   0x00000010   Data   RO         3526    .constdata          system_stm32f1xx.o
    0x08001c24   0x00000008   Data   RO         3527    .constdata          system_stm32f1xx.o
    0x08001c2c   0x00000020   Data   RO         3879    Region$$Table       anon$$obj.o


    Execution Region RW_IRAM1 (Base: 0x20000000, Size: 0x00000528, Max: 0x00010000, ABSOLUTE)

    Base Addr    Size         Type   Attr      Idx    E Section Name        Object

    0x20000000   0x00000008   Data   RW          306    .data               los_priqueue.o
    0x20000008   0x0000001c   Data   RW          410    .data               los_swtmr.o
    0x20000024   0x00000048   Data   RW          705    .data               los_task.o
    0x2000006c   0x00000004   Data   RW          957    .data               los_tick.o
    0x20000070   0x00000010   Data   RW          958    .data               los_tick.o
    0x20000080   0x00000008   Data   RW         1010    .data               los_timeslice.o
    0x20000088   0x0000000c   Data   RW         1200    .data               los_queue.o
    0x20000094   0x0000000c   Data   RW         2574    .data               stm32f1xx_hal.o
    0x200000a0   0x00000004   Data   RW         3528    .data               system_stm32f1xx.o
    0x200000a4   0x00000004   Data   RW         3859    .data               mc_w.l(stdout.o)
    0x200000a8   0x00000040   Zero   RW          409    .bss                los_swtmr.o
    0x200000e8   0x00000040   Zero   RW         2030    .bss                usart.o
    0x20000128   0x00000400   Zero   RW            1    STACK               startup_stm32f103xe.o


==============================================================================

Image component sizes


      Code (inc. data)   RO Data    RW Data    ZI Data      Debug   Object Name

       112         10          0          0          0        899   gpio.o
       204         24          0          0          0        416   los_dispatch_keil.o
        64         10          0          0          0     462399   los_hw.o
        42          8          0          0          0       4216   los_hwi.o
       168         20          0          8          0      11889   los_priqueue.o
       658         64          0         12          0      11921   los_queue.o
       560         30          0         28         64      11635   los_swtmr.o
       656         32          0         72          0      15802   los_task.o
        40          6          0         20          0        992   los_tick.o
        56         12          0          8          0        759   los_timeslice.o
       128          4          8          0          0       1816   main.o
        36          8        304          0       1024        808   startup_stm32f103xe.o
       148         24          0         12          0       5995   stm32f1xx_hal.o
       172         14          0          0          0      28006   stm32f1xx_hal_cortex.o
       530         42          0          0          0       3137   stm32f1xx_hal_gpio.o
        60          8          0          0          0        858   stm32f1xx_hal_msp.o
      1272        100          0          0          0       4972   stm32f1xx_hal_rcc.o
       282          6          0          0          0       1864   stm32f1xx_hal_uart.o
        14          0          0          0          0       2991   stm32f1xx_it.o
         2          0         24          4          0       1111   system_stm32f1xx.o
       168         20          0          0         64       1630   usart.o

    ----------------------------------------------------------------------
      5384        442        368        164       1152     574116   Object Totals
         0          0         32          0          0          0   (incl. Generated)
        12          0          0          0          0          0   (incl. Padding)

    ----------------------------------------------------------------------

      Code (inc. data)   RO Data    RW Data    ZI Data      Debug   Library Member Name

         0          0          0          0          0          0   entry.o
         0          0          0          0          0          0   entry10a.o
         0          0          0          0          0          0   entry11a.o
         8          4          0          0          0          0   entry2.o
         4          0          0          0          0          0   entry5.o
         0          0          0          0          0          0   entry7b.o
         0          0          0          0          0          0   entry8b.o
         8          4          0          0          0          0   entry9a.o
        18          0          0          0          0         80   fputc.o
        30          0          0          0          0          0   handlers.o
        36          8          0          0          0         68   init.o
         0          0          0          0          0          0   iusesemip.o
        30          0          0          0          0         68   llshl.o
        32          0          0          0          0         68   llushr.o
        36          0          0          0          0         68   memcpya.o
        36          0          0          0          0        108   memseta.o
      1154         54          0          0          0        352   printf8.o
         0          0          0          0          0          0   semi.o
         0          0          0          4          0          0   stdout.o
        98          0          0          0          0         92   uldiv.o

    ----------------------------------------------------------------------
      1492         70          0          4          0        904   Library Totals
         2          0          0          0          0          0   (incl. Padding)

    ----------------------------------------------------------------------

      Code (inc. data)   RO Data    RW Data    ZI Data      Debug   Library Name

      1490         70          0          4          0        904   mc_w.l

    ----------------------------------------------------------------------
      1492         70          0          4          0        904   Library Totals

    ----------------------------------------------------------------------

==============================================================================


      Code (inc. data)   RO Data    RW Data    ZI Data      Debug   

      6876        512        368        168       1152     571948   Grand Totals
      6876        512        368        168       1152     571948   ELF Image Totals
      6876        512        368        168          0          0   ROM Totals

==============================================================================

    Total RO  Size (Code + RO Data)                 7244 (   7.07kB)
    Total RW  Size (RW Data + ZI Data)              1320 (   1.29kB)
    Total ROM Size (Code + RO Data + RW Data)       7412 (   7.24kB)

==============================================================================

